14:47:02 **** Build of project helloworld_bsp ****
make -k all 
Running Make include in ps7_cortexa9_0/libsrc/dmaps_v2_3/src
make -C ps7_cortexa9_0/libsrc/dmaps_v2_3/src -s include  "SHELL=/bin/sh" "COMPILER=arm-none-eabi-gcc" "ARCHIVER=arm-none-eabi-ar" "COMPILER_FLAGS=  -O2 -c" "EXTRA_COMPILER_FLAGS=-mcpu=cortex-a9 -mfpu=vfpv3 -mfloat-abi=hard -nostartfiles -g -Wall -Wextra"
Running Make include in ps7_cortexa9_0/libsrc/ddrps_v1_0/src
make -C ps7_cortexa9_0/libsrc/ddrps_v1_0/src -s include  "SHELL=/bin/sh" "COMPILER=arm-none-eabi-gcc" "ARCHIVER=arm-none-eabi-ar" "COMPILER_FLAGS=  -O2 -c" "EXTRA_COMPILER_FLAGS=-mcpu=cortex-a9 -mfpu=vfpv3 -mfloat-abi=hard -nostartfiles -g -Wall -Wextra"
Running Make include in ps7_cortexa9_0/libsrc/qspips_v3_4/src
make -C ps7_cortexa9_0/libsrc/qspips_v3_4/src -s include  "SHELL=/bin/sh" "COMPILER=arm-none-eabi-gcc" "ARCHIVER=arm-none-eabi-ar" "COMPILER_FLAGS=  -O2 -c" "EXTRA_COMPILER_FLAGS=-mcpu=cortex-a9 -mfpu=vfpv3 -mfloat-abi=hard -nostartfiles -g -Wall -Wextra"
Running Make include in ps7_cortexa9_0/libsrc/standalone_v6_7/src
make -C ps7_cortexa9_0/libsrc/standalone_v6_7/src -s include  "SHELL=/bin/sh" "COMPILER=arm-none-eabi-gcc" "ARCHIVER=arm-none-eabi-ar" "COMPILER_FLAGS=  -O2 -c" "EXTRA_COMPILER_FLAGS=-mcpu=cortex-a9 -mfpu=vfpv3 -mfloat-abi=hard -nostartfiles -g -Wall -Wextra"
Running Make include in ps7_cortexa9_0/libsrc/gpiops_v3_3/src
make -C ps7_cortexa9_0/libsrc/gpiops_v3_3/src -s include  "SHELL=/bin/sh" "COMPILER=arm-none-eabi-gcc" "ARCHIVER=arm-none-eabi-ar" "COMPILER_FLAGS=  -O2 -c" "EXTRA_COMPILER_FLAGS=-mcpu=cortex-a9 -mfpu=vfpv3 -mfloat-abi=hard -nostartfiles -g -Wall -Wextra"
Running Make include in ps7_cortexa9_0/libsrc/cpu_cortexa9_v2_6/src
make -C ps7_cortexa9_0/libsrc/cpu_cortexa9_v2_6/src -s include  "SHELL=/bin/sh" "COMPILER=arm-none-eabi-gcc" "ARCHIVER=arm-none-eabi-ar" "COMPILER_FLAGS=  -O2 -c" "EXTRA_COMPILER_FLAGS=-mcpu=cortex-a9 -mfpu=vfpv3 -mfloat-abi=hard -nostartfiles -g -Wall -Wextra"
Running Make include in ps7_cortexa9_0/libsrc/emacps_v3_7/src
make -C ps7_cortexa9_0/libsrc/emacps_v3_7/src -s include  "SHELL=/bin/sh" "COMPILER=arm-none-eabi-gcc" "ARCHIVER=arm-none-eabi-ar" "COMPILER_FLAGS=  -O2 -c" "EXTRA_COMPILER_FLAGS=-mcpu=cortex-a9 -mfpu=vfpv3 -mfloat-abi=hard -nostartfiles -g -Wall -Wextra"
Running Make include in ps7_cortexa9_0/libsrc/scugic_v3_9/src
make -C ps7_cortexa9_0/libsrc/scugic_v3_9/src -s include  "SHELL=/bin/sh" "COMPILER=arm-none-eabi-gcc" "ARCHIVER=arm-none-eabi-ar" "COMPILER_FLAGS=  -O2 -c" "EXTRA_COMPILER_FLAGS=-mcpu=cortex-a9 -mfpu=vfpv3 -mfloat-abi=hard -nostartfiles -g -Wall -Wextra"
Running Make include in ps7_cortexa9_0/libsrc/uartps_v3_6/src
make -C ps7_cortexa9_0/libsrc/uartps_v3_6/src -s include  "SHELL=/bin/sh" "COMPILER=arm-none-eabi-gcc" "ARCHIVER=arm-none-eabi-ar" "COMPILER_FLAGS=  -O2 -c" "EXTRA_COMPILER_FLAGS=-mcpu=cortex-a9 -mfpu=vfpv3 -mfloat-abi=hard -nostartfiles -g -Wall -Wextra"
Running Make include in ps7_cortexa9_0/libsrc/xadcps_v2_2/src
make -C ps7_cortexa9_0/libsrc/xadcps_v2_2/src -s include  "SHELL=/bin/sh" "COMPILER=arm-none-eabi-gcc" "ARCHIVER=arm-none-eabi-ar" "COMPILER_FLAGS=  -O2 -c" "EXTRA_COMPILER_FLAGS=-mcpu=cortex-a9 -mfpu=vfpv3 -mfloat-abi=hard -nostartfiles -g -Wall -Wextra"
Running Make include in ps7_cortexa9_0/libsrc/devcfg_v3_5/src
make -C ps7_cortexa9_0/libsrc/devcfg_v3_5/src -s include  "SHELL=/bin/sh" "COMPILER=arm-none-eabi-gcc" "ARCHIVER=arm-none-eabi-ar" "COMPILER_FLAGS=  -O2 -c" "EXTRA_COMPILER_FLAGS=-mcpu=cortex-a9 -mfpu=vfpv3 -mfloat-abi=hard -nostartfiles -g -Wall -Wextra"
Running Make include in ps7_cortexa9_0/libsrc/scuwdt_v2_1/src
make -C ps7_cortexa9_0/libsrc/scuwdt_v2_1/src -s include  "SHELL=/bin/sh" "COMPILER=arm-none-eabi-gcc" "ARCHIVER=arm-none-eabi-ar" "COMPILER_FLAGS=  -O2 -c" "EXTRA_COMPILER_FLAGS=-mcpu=cortex-a9 -mfpu=vfpv3 -mfloat-abi=hard -nostartfiles -g -Wall -Wextra"
Running Make include in ps7_cortexa9_0/libsrc/sysmon_v7_4/src
make -C ps7_cortexa9_0/libsrc/sysmon_v7_4/src -s include  "SHELL=/bin/sh" "COMPILER=arm-none-eabi-gcc" "ARCHIVER=arm-none-eabi-ar" "COMPILER_FLAGS=  -O2 -c" "EXTRA_COMPILER_FLAGS=-mcpu=cortex-a9 -mfpu=vfpv3 -mfloat-abi=hard -nostartfiles -g -Wall -Wextra"
Running Make include in ps7_cortexa9_0/libsrc/ttcps_v3_6/src
make -C ps7_cortexa9_0/libsrc/ttcps_v3_6/src -s include  "SHELL=/bin/sh" "COMPILER=arm-none-eabi-gcc" "ARCHIVER=arm-none-eabi-ar" "COMPILER_FLAGS=  -O2 -c" "EXTRA_COMPILER_FLAGS=-mcpu=cortex-a9 -mfpu=vfpv3 -mfloat-abi=hard -nostartfiles -g -Wall -Wextra"
Running Make include in ps7_cortexa9_0/libsrc/sdps_v3_5/src
make -C ps7_cortexa9_0/libsrc/sdps_v3_5/src -s include  "SHELL=/bin/sh" "COMPILER=arm-none-eabi-gcc" "ARCHIVER=arm-none-eabi-ar" "COMPILER_FLAGS=  -O2 -c" "EXTRA_COMPILER_FLAGS=-mcpu=cortex-a9 -mfpu=vfpv3 -mfloat-abi=hard -nostartfiles -g -Wall -Wextra"
Running Make include in ps7_cortexa9_0/libsrc/usbps_v2_4/src
make -C ps7_cortexa9_0/libsrc/usbps_v2_4/src -s include  "SHELL=/bin/sh" "COMPILER=arm-none-eabi-gcc" "ARCHIVER=arm-none-eabi-ar" "COMPILER_FLAGS=  -O2 -c" "EXTRA_COMPILER_FLAGS=-mcpu=cortex-a9 -mfpu=vfpv3 -mfloat-abi=hard -nostartfiles -g -Wall -Wextra"
Running Make include in ps7_cortexa9_0/libsrc/coresightps_dcc_v1_4/src
make -C ps7_cortexa9_0/libsrc/coresightps_dcc_v1_4/src -s include  "SHELL=/bin/sh" "COMPILER=arm-none-eabi-gcc" "ARCHIVER=arm-none-eabi-ar" "COMPILER_FLAGS=  -O2 -c" "EXTRA_COMPILER_FLAGS=-mcpu=cortex-a9 -mfpu=vfpv3 -mfloat-abi=hard -nostartfiles -g -Wall -Wextra"
Running Make include in ps7_cortexa9_0/libsrc/scutimer_v2_1/src
make -C ps7_cortexa9_0/libsrc/scutimer_v2_1/src -s include  "SHELL=/bin/sh" "COMPILER=arm-none-eabi-gcc" "ARCHIVER=arm-none-eabi-ar" "COMPILER_FLAGS=  -O2 -c" "EXTRA_COMPILER_FLAGS=-mcpu=cortex-a9 -mfpu=vfpv3 -mfloat-abi=hard -nostartfiles -g -Wall -Wextra"
Running Make libs in ps7_cortexa9_0/libsrc/dmaps_v2_3/src
make -C ps7_cortexa9_0/libsrc/dmaps_v2_3/src -s libs  "SHELL=/bin/sh" "COMPILER=arm-none-eabi-gcc" "ARCHIVER=arm-none-eabi-ar" "COMPILER_FLAGS=  -O2 -c" "EXTRA_COMPILER_FLAGS=-mcpu=cortex-a9 -mfpu=vfpv3 -mfloat-abi=hard -nostartfiles -g -Wall -Wextra"
Compiling dmaps
arm-none-eabi-ar: creating ../../../lib/libxil.a
Running Make libs in ps7_cortexa9_0/libsrc/ddrps_v1_0/src
make -C ps7_cortexa9_0/libsrc/ddrps_v1_0/src -s libs  "SHELL=/bin/sh" "COMPILER=arm-none-eabi-gcc" "ARCHIVER=arm-none-eabi-ar" "COMPILER_FLAGS=  -O2 -c" "EXTRA_COMPILER_FLAGS=-mcpu=cortex-a9 -mfpu=vfpv3 -mfloat-abi=hard -nostartfiles -g -Wall -Wextra"
Compiling ddrps
Running Make libs in ps7_cortexa9_0/libsrc/qspips_v3_4/src
make -C ps7_cortexa9_0/libsrc/qspips_v3_4/src -s libs  "SHELL=/bin/sh" "COMPILER=arm-none-eabi-gcc" "ARCHIVER=arm-none-eabi-ar" "COMPILER_FLAGS=  -O2 -c" "EXTRA_COMPILER_FLAGS=-mcpu=cortex-a9 -mfpu=vfpv3 -mfloat-abi=hard -nostartfiles -g -Wall -Wextra"
Compiling qspips
Running Make libs in ps7_cortexa9_0/libsrc/standalone_v6_7/src
make -C ps7_cortexa9_0/libsrc/standalone_v6_7/src -s libs  "SHELL=/bin/sh" "COMPILER=arm-none-eabi-gcc" "ARCHIVER=arm-none-eabi-ar" "COMPILER_FLAGS=  -O2 -c" "EXTRA_COMPILER_FLAGS=-mcpu=cortex-a9 -mfpu=vfpv3 -mfloat-abi=hard -nostartfiles -g -Wall -Wextra"
Compiling standalone
In file included from sleep.c:57:0:
xtime_l.h:89:9: note: #pragma message: For the sleep routines, Global timer is being used
 #pragma message ("For the sleep routines, Global timer is being used")
         ^~~~~~~
In file included from xtime_l.c:53:0:
xtime_l.h:89:9: note: #pragma message: For the sleep routines, Global timer is being used
 #pragma message ("For the sleep routines, Global timer is being used")
         ^~~~~~~
In file included from xil_sleeptimer.c:55:0:
xtime_l.h:89:9: note: #pragma message: For the sleep routines, Global timer is being used
 #pragma message ("For the sleep routines, Global timer is being used")
         ^~~~~~~
In file included from usleep.c:60:0:
xtime_l.h:89:9: note: #pragma message: For the sleep routines, Global timer is being used
 #pragma message ("For the sleep routines, Global timer is being used")
         ^~~~~~~
Running Make libs in ps7_cortexa9_0/libsrc/gpiops_v3_3/src
make -C ps7_cortexa9_0/libsrc/gpiops_v3_3/src -s libs  "SHELL=/bin/sh" "COMPILER=arm-none-eabi-gcc" "ARCHIVER=arm-none-eabi-ar" "COMPILER_FLAGS=  -O2 -c" "EXTRA_COMPILER_FLAGS=-mcpu=cortex-a9 -mfpu=vfpv3 -mfloat-abi=hard -nostartfiles -g -Wall -Wextra"
Compiling gpiops
Running Make libs in ps7_cortexa9_0/libsrc/cpu_cortexa9_v2_6/src
make -C ps7_cortexa9_0/libsrc/cpu_cortexa9_v2_6/src -s libs  "SHELL=/bin/sh" "COMPILER=arm-none-eabi-gcc" "ARCHIVER=arm-none-eabi-ar" "COMPILER_FLAGS=  -O2 -c" "EXTRA_COMPILER_FLAGS=-mcpu=cortex-a9 -mfpu=vfpv3 -mfloat-abi=hard -nostartfiles -g -Wall -Wextra"
Compiling cpu_cortexa9
Running Make libs in ps7_cortexa9_0/libsrc/emacps_v3_7/src
make -C ps7_cortexa9_0/libsrc/emacps_v3_7/src -s libs  "SHELL=/bin/sh" "COMPILER=arm-none-eabi-gcc" "ARCHIVER=arm-none-eabi-ar" "COMPILER_FLAGS=  -O2 -c" "EXTRA_COMPILER_FLAGS=-mcpu=cortex-a9 -mfpu=vfpv3 -mfloat-abi=hard -nostartfiles -g -Wall -Wextra"
Compiling emacps
Running Make libs in ps7_cortexa9_0/libsrc/scugic_v3_9/src
make -C ps7_cortexa9_0/libsrc/scugic_v3_9/src -s libs  "SHELL=/bin/sh" "COMPILER=arm-none-eabi-gcc" "ARCHIVER=arm-none-eabi-ar" "COMPILER_FLAGS=  -O2 -c" "EXTRA_COMPILER_FLAGS=-mcpu=cortex-a9 -mfpu=vfpv3 -mfloat-abi=hard -nostartfiles -g -Wall -Wextra"
Compiling scugic
Running Make libs in ps7_cortexa9_0/libsrc/uartps_v3_6/src
make -C ps7_cortexa9_0/libsrc/uartps_v3_6/src -s libs  "SHELL=/bin/sh" "COMPILER=arm-none-eabi-gcc" "ARCHIVER=arm-none-eabi-ar" "COMPILER_FLAGS=  -O2 -c" "EXTRA_COMPILER_FLAGS=-mcpu=cortex-a9 -mfpu=vfpv3 -mfloat-abi=hard -nostartfiles -g -Wall -Wextra"
Compiling uartps
Running Make libs in ps7_cortexa9_0/libsrc/xadcps_v2_2/src
make -C ps7_cortexa9_0/libsrc/xadcps_v2_2/src -s libs  "SHELL=/bin/sh" "COMPILER=arm-none-eabi-gcc" "ARCHIVER=arm-none-eabi-ar" "COMPILER_FLAGS=  -O2 -c" "EXTRA_COMPILER_FLAGS=-mcpu=cortex-a9 -mfpu=vfpv3 -mfloat-abi=hard -nostartfiles -g -Wall -Wextra"
Compiling xadcps
Running Make libs in ps7_cortexa9_0/libsrc/devcfg_v3_5/src
make -C ps7_cortexa9_0/libsrc/devcfg_v3_5/src -s libs  "SHELL=/bin/sh" "COMPILER=arm-none-eabi-gcc" "ARCHIVER=arm-none-eabi-ar" "COMPILER_FLAGS=  -O2 -c" "EXTRA_COMPILER_FLAGS=-mcpu=cortex-a9 -mfpu=vfpv3 -mfloat-abi=hard -nostartfiles -g -Wall -Wextra"
Compiling devcfg
Running Make libs in ps7_cortexa9_0/libsrc/scuwdt_v2_1/src
make -C ps7_cortexa9_0/libsrc/scuwdt_v2_1/src -s libs  "SHELL=/bin/sh" "COMPILER=arm-none-eabi-gcc" "ARCHIVER=arm-none-eabi-ar" "COMPILER_FLAGS=  -O2 -c" "EXTRA_COMPILER_FLAGS=-mcpu=cortex-a9 -mfpu=vfpv3 -mfloat-abi=hard -nostartfiles -g -Wall -Wextra"
Compiling scuwdt
Running Make libs in ps7_cortexa9_0/libsrc/sysmon_v7_4/src
make -C ps7_cortexa9_0/libsrc/sysmon_v7_4/src -s libs  "SHELL=/bin/sh" "COMPILER=arm-none-eabi-gcc" "ARCHIVER=arm-none-eabi-ar" "COMPILER_FLAGS=  -O2 -c" "EXTRA_COMPILER_FLAGS=-mcpu=cortex-a9 -mfpu=vfpv3 -mfloat-abi=hard -nostartfiles -g -Wall -Wextra"
Compiling sysmon
Running Make libs in ps7_cortexa9_0/libsrc/ttcps_v3_6/src
make -C ps7_cortexa9_0/libsrc/ttcps_v3_6/src -s libs  "SHELL=/bin/sh" "COMPILER=arm-none-eabi-gcc" "ARCHIVER=arm-none-eabi-ar" "COMPILER_FLAGS=  -O2 -c" "EXTRA_COMPILER_FLAGS=-mcpu=cortex-a9 -mfpu=vfpv3 -mfloat-abi=hard -nostartfiles -g -Wall -Wextra"
Compiling ttcps
Running Make libs in ps7_cortexa9_0/libsrc/sdps_v3_5/src
make -C ps7_cortexa9_0/libsrc/sdps_v3_5/src -s libs  "SHELL=/bin/sh" "COMPILER=arm-none-eabi-gcc" "ARCHIVER=arm-none-eabi-ar" "COMPILER_FLAGS=  -O2 -c" "EXTRA_COMPILER_FLAGS=-mcpu=cortex-a9 -mfpu=vfpv3 -mfloat-abi=hard -nostartfiles -g -Wall -Wextra"
Compiling sdps
Running Make libs in ps7_cortexa9_0/libsrc/usbps_v2_4/src
make -C ps7_cortexa9_0/libsrc/usbps_v2_4/src -s libs  "SHELL=/bin/sh" "COMPILER=arm-none-eabi-gcc" "ARCHIVER=arm-none-eabi-ar" "COMPILER_FLAGS=  -O2 -c" "EXTRA_COMPILER_FLAGS=-mcpu=cortex-a9 -mfpu=vfpv3 -mfloat-abi=hard -nostartfiles -g -Wall -Wextra"
Compiling usbps
Running Make libs in ps7_cortexa9_0/libsrc/coresightps_dcc_v1_4/src
make -C ps7_cortexa9_0/libsrc/coresightps_dcc_v1_4/src -s libs  "SHELL=/bin/sh" "COMPILER=arm-none-eabi-gcc" "ARCHIVER=arm-none-eabi-ar" "COMPILER_FLAGS=  -O2 -c" "EXTRA_COMPILER_FLAGS=-mcpu=cortex-a9 -mfpu=vfpv3 -mfloat-abi=hard -nostartfiles -g -Wall -Wextra"
Compiling coresightps_dcc
Running Make libs in ps7_cortexa9_0/libsrc/scutimer_v2_1/src
make -C ps7_cortexa9_0/libsrc/scutimer_v2_1/src -s libs  "SHELL=/bin/sh" "COMPILER=arm-none-eabi-gcc" "ARCHIVER=arm-none-eabi-ar" "COMPILER_FLAGS=  -O2 -c" "EXTRA_COMPILER_FLAGS=-mcpu=cortex-a9 -mfpu=vfpv3 -mfloat-abi=hard -nostartfiles -g -Wall -Wextra"
Compiling scutimer
Finished building libraries
14:47:11 **** Build of configuration Debug for project helloworld ****
make pre-build main-build 
a9-linaro-pre-build-step
 
Building file: ../src/helloworld.c
Invoking: ARM v7 gcc compiler
arm-none-eabi-gcc -Wall -O0 -g3 -c -fmessage-length=0 -MT"src/helloworld.o" -mcpu=cortex-a9 -mfpu=vfpv3 -mfloat-abi=hard -I../../helloworld_bsp/ps7_cortexa9_0/include -MMD -MP -MF"src/helloworld.d" -MT"src/helloworld.o" -o "src/helloworld.o" "../src/helloworld.c"
Finished building: ../src/helloworld.c
 
Building file: ../src/platform.c
Invoking: ARM v7 gcc compiler
arm-none-eabi-gcc -Wall -O0 -g3 -c -fmessage-length=0 -MT"src/platform.o" -mcpu=cortex-a9 -mfpu=vfpv3 -mfloat-abi=hard -I../../helloworld_bsp/ps7_cortexa9_0/include -MMD -MP -MF"src/platform.d" -MT"src/platform.o" -o "src/platform.o" "../src/platform.c"
Finished building: ../src/platform.c
 
Building target: helloworld.elf
Invoking: ARM v7 gcc linker
arm-none-eabi-gcc -mcpu=cortex-a9 -mfpu=vfpv3 -mfloat-abi=hard -Wl,-build-id=none -specs=Xilinx.spec -Wl,-T -Wl,../src/lscript.ld -L../../helloworld_bsp/ps7_cortexa9_0/lib -o "helloworld.elf"  ./src/helloworld.o ./src/platform.o   -Wl,--start-group,-lxil,-lgcc,-lc,--end-group
Finished building target: helloworld.elf
 
Invoking: ARM v7 Print Size
arm-none-eabi-size helloworld.elf  |tee "helloworld.elf.size"
   text	   data	    bss	    dec	    hex	filename
  19352	   1144	  22568	  43064	   a838	helloworld.elf
Finished building: helloworld.elf.size
 
14:47:12 **** Auto Build of configuration Debug for project helloworld ****
make pre-build main-build 
a9-linaro-pre-build-step
 
make: Nothing to be done for 'main-build'.
14:47:30 **** Build of configuration Debug for project helloworld_bsp_xadcps_polled_printf_example_1 ****
make pre-build main-build 
a9-linaro-pre-build-step
 
Building file: ../src/xadcps_polled_printf_example.c
Invoking: ARM v7 gcc compiler
arm-none-eabi-gcc -Wall -O0 -g3 -c -fmessage-length=0 -MT"src/xadcps_polled_printf_example.o" -mcpu=cortex-a9 -mfpu=vfpv3 -mfloat-abi=hard -I../../helloworld_bsp/ps7_cortexa9_0/include -MMD -MP -MF"src/xadcps_polled_printf_example.d" -MT"src/xadcps_polled_printf_example.o" -o "src/xadcps_polled_printf_example.o" "../src/xadcps_polled_printf_example.c"
Finished building: ../src/xadcps_polled_printf_example.c
 
Building target: helloworld_bsp_xadcps_polled_printf_example_1.elf
Invoking: ARM v7 gcc linker
arm-none-eabi-gcc -mcpu=cortex-a9 -mfpu=vfpv3 -mfloat-abi=hard -Wl,-build-id=none -specs=Xilinx.spec -Wl,-T -Wl,../src/lscript.ld -L../../helloworld_bsp/ps7_cortexa9_0/lib -o "helloworld_bsp_xadcps_polled_printf_example_1.elf"  ./src/xadcps_polled_printf_example.o   -Wl,--start-group,-lxil,-lgcc,-lc,--end-group
Finished building target: helloworld_bsp_xadcps_polled_printf_example_1.elf
 
Invoking: ARM v7 Print Size
arm-none-eabi-size helloworld_bsp_xadcps_polled_printf_example_1.elf  |tee "helloworld_bsp_xadcps_polled_printf_example_1.elf.size"
   text	   data	    bss	    dec	    hex	filename
  31820	   1160	  22600	  55580	   d91c	helloworld_bsp_xadcps_polled_printf_example_1.elf
Finished building: helloworld_bsp_xadcps_polled_printf_example_1.elf.size
 
14:47:31 **** Auto Build of configuration Debug for project helloworld_bsp_xadcps_polled_printf_example_1 ****
make pre-build main-build 
a9-linaro-pre-build-step
 
make: Nothing to be done for 'main-build'.
14:47:44 **** Incremental Build of configuration Debug for project helloworld_bsp_xadcps_polled_printf_example_1 ****
make pre-build main-build 
a9-linaro-pre-build-step
 
make: Nothing to be done for 'main-build'.
14:50:01 **** Incremental Build of configuration Debug for project helloworld_bsp_xadcps_polled_printf_example_1 ****
make pre-build main-build 
a9-linaro-pre-build-step
 
make: Nothing to be done for 'main-build'.
15:04:50 **** Auto Build of project helloworld_bsp ****
make -k all 
Running Make include in ps7_cortexa9_0/libsrc/dmaps_v2_3/src
make -C ps7_cortexa9_0/libsrc/dmaps_v2_3/src -s include  "SHELL=/bin/sh" "COMPILER=arm-none-eabi-gcc" "ARCHIVER=arm-none-eabi-ar" "COMPILER_FLAGS=  -O2 -c" "EXTRA_COMPILER_FLAGS=-mcpu=cortex-a9 -mfpu=vfpv3 -mfloat-abi=hard -nostartfiles -g -Wall -Wextra"
Running Make include in ps7_cortexa9_0/libsrc/ddrps_v1_0/src
make -C ps7_cortexa9_0/libsrc/ddrps_v1_0/src -s include  "SHELL=/bin/sh" "COMPILER=arm-none-eabi-gcc" "ARCHIVER=arm-none-eabi-ar" "COMPILER_FLAGS=  -O2 -c" "EXTRA_COMPILER_FLAGS=-mcpu=cortex-a9 -mfpu=vfpv3 -mfloat-abi=hard -nostartfiles -g -Wall -Wextra"
Running Make include in ps7_cortexa9_0/libsrc/qspips_v3_4/src
make -C ps7_cortexa9_0/libsrc/qspips_v3_4/src -s include  "SHELL=/bin/sh" "COMPILER=arm-none-eabi-gcc" "ARCHIVER=arm-none-eabi-ar" "COMPILER_FLAGS=  -O2 -c" "EXTRA_COMPILER_FLAGS=-mcpu=cortex-a9 -mfpu=vfpv3 -mfloat-abi=hard -nostartfiles -g -Wall -Wextra"
Running Make include in ps7_cortexa9_0/libsrc/standalone_v6_7/src
make -C ps7_cortexa9_0/libsrc/standalone_v6_7/src -s include  "SHELL=/bin/sh" "COMPILER=arm-none-eabi-gcc" "ARCHIVER=arm-none-eabi-ar" "COMPILER_FLAGS=  -O2 -c" "EXTRA_COMPILER_FLAGS=-mcpu=cortex-a9 -mfpu=vfpv3 -mfloat-abi=hard -nostartfiles -g -Wall -Wextra"
Running Make include in ps7_cortexa9_0/libsrc/gpiops_v3_3/src
make -C ps7_cortexa9_0/libsrc/gpiops_v3_3/src -s include  "SHELL=/bin/sh" "COMPILER=arm-none-eabi-gcc" "ARCHIVER=arm-none-eabi-ar" "COMPILER_FLAGS=  -O2 -c" "EXTRA_COMPILER_FLAGS=-mcpu=cortex-a9 -mfpu=vfpv3 -mfloat-abi=hard -nostartfiles -g -Wall -Wextra"
Running Make include in ps7_cortexa9_0/libsrc/cpu_cortexa9_v2_6/src
make -C ps7_cortexa9_0/libsrc/cpu_cortexa9_v2_6/src -s include  "SHELL=/bin/sh" "COMPILER=arm-none-eabi-gcc" "ARCHIVER=arm-none-eabi-ar" "COMPILER_FLAGS=  -O2 -c" "EXTRA_COMPILER_FLAGS=-mcpu=cortex-a9 -mfpu=vfpv3 -mfloat-abi=hard -nostartfiles -g -Wall -Wextra"
Running Make include in ps7_cortexa9_0/libsrc/emacps_v3_7/src
make -C ps7_cortexa9_0/libsrc/emacps_v3_7/src -s include  "SHELL=/bin/sh" "COMPILER=arm-none-eabi-gcc" "ARCHIVER=arm-none-eabi-ar" "COMPILER_FLAGS=  -O2 -c" "EXTRA_COMPILER_FLAGS=-mcpu=cortex-a9 -mfpu=vfpv3 -mfloat-abi=hard -nostartfiles -g -Wall -Wextra"
Running Make include in ps7_cortexa9_0/libsrc/scugic_v3_9/src
make -C ps7_cortexa9_0/libsrc/scugic_v3_9/src -s include  "SHELL=/bin/sh" "COMPILER=arm-none-eabi-gcc" "ARCHIVER=arm-none-eabi-ar" "COMPILER_FLAGS=  -O2 -c" "EXTRA_COMPILER_FLAGS=-mcpu=cortex-a9 -mfpu=vfpv3 -mfloat-abi=hard -nostartfiles -g -Wall -Wextra"
Running Make include in ps7_cortexa9_0/libsrc/uartps_v3_6/src
make -C ps7_cortexa9_0/libsrc/uartps_v3_6/src -s include  "SHELL=/bin/sh" "COMPILER=arm-none-eabi-gcc" "ARCHIVER=arm-none-eabi-ar" "COMPILER_FLAGS=  -O2 -c" "EXTRA_COMPILER_FLAGS=-mcpu=cortex-a9 -mfpu=vfpv3 -mfloat-abi=hard -nostartfiles -g -Wall -Wextra"
Running Make include in ps7_cortexa9_0/libsrc/xadcps_v2_2/src
make -C ps7_cortexa9_0/libsrc/xadcps_v2_2/src -s include  "SHELL=/bin/sh" "COMPILER=arm-none-eabi-gcc" "ARCHIVER=arm-none-eabi-ar" "COMPILER_FLAGS=  -O2 -c" "EXTRA_COMPILER_FLAGS=-mcpu=cortex-a9 -mfpu=vfpv3 -mfloat-abi=hard -nostartfiles -g -Wall -Wextra"
Running Make include in ps7_cortexa9_0/libsrc/devcfg_v3_5/src
make -C ps7_cortexa9_0/libsrc/devcfg_v3_5/src -s include  "SHELL=/bin/sh" "COMPILER=arm-none-eabi-gcc" "ARCHIVER=arm-none-eabi-ar" "COMPILER_FLAGS=  -O2 -c" "EXTRA_COMPILER_FLAGS=-mcpu=cortex-a9 -mfpu=vfpv3 -mfloat-abi=hard -nostartfiles -g -Wall -Wextra"
Running Make include in ps7_cortexa9_0/libsrc/scuwdt_v2_1/src
make -C ps7_cortexa9_0/libsrc/scuwdt_v2_1/src -s include  "SHELL=/bin/sh" "COMPILER=arm-none-eabi-gcc" "ARCHIVER=arm-none-eabi-ar" "COMPILER_FLAGS=  -O2 -c" "EXTRA_COMPILER_FLAGS=-mcpu=cortex-a9 -mfpu=vfpv3 -mfloat-abi=hard -nostartfiles -g -Wall -Wextra"
Running Make include in ps7_cortexa9_0/libsrc/sysmon_v7_4/src
make -C ps7_cortexa9_0/libsrc/sysmon_v7_4/src -s include  "SHELL=/bin/sh" "COMPILER=arm-none-eabi-gcc" "ARCHIVER=arm-none-eabi-ar" "COMPILER_FLAGS=  -O2 -c" "EXTRA_COMPILER_FLAGS=-mcpu=cortex-a9 -mfpu=vfpv3 -mfloat-abi=hard -nostartfiles -g -Wall -Wextra"
Running Make include in ps7_cortexa9_0/libsrc/ttcps_v3_6/src
make -C ps7_cortexa9_0/libsrc/ttcps_v3_6/src -s include  "SHELL=/bin/sh" "COMPILER=arm-none-eabi-gcc" "ARCHIVER=arm-none-eabi-ar" "COMPILER_FLAGS=  -O2 -c" "EXTRA_COMPILER_FLAGS=-mcpu=cortex-a9 -mfpu=vfpv3 -mfloat-abi=hard -nostartfiles -g -Wall -Wextra"
Running Make include in ps7_cortexa9_0/libsrc/sdps_v3_5/src
make -C ps7_cortexa9_0/libsrc/sdps_v3_5/src -s include  "SHELL=/bin/sh" "COMPILER=arm-none-eabi-gcc" "ARCHIVER=arm-none-eabi-ar" "COMPILER_FLAGS=  -O2 -c" "EXTRA_COMPILER_FLAGS=-mcpu=cortex-a9 -mfpu=vfpv3 -mfloat-abi=hard -nostartfiles -g -Wall -Wextra"
Running Make include in ps7_cortexa9_0/libsrc/usbps_v2_4/src
make -C ps7_cortexa9_0/libsrc/usbps_v2_4/src -s include  "SHELL=/bin/sh" "COMPILER=arm-none-eabi-gcc" "ARCHIVER=arm-none-eabi-ar" "COMPILER_FLAGS=  -O2 -c" "EXTRA_COMPILER_FLAGS=-mcpu=cortex-a9 -mfpu=vfpv3 -mfloat-abi=hard -nostartfiles -g -Wall -Wextra"
Running Make include in ps7_cortexa9_0/libsrc/coresightps_dcc_v1_4/src
make -C ps7_cortexa9_0/libsrc/coresightps_dcc_v1_4/src -s include  "SHELL=/bin/sh" "COMPILER=arm-none-eabi-gcc" "ARCHIVER=arm-none-eabi-ar" "COMPILER_FLAGS=  -O2 -c" "EXTRA_COMPILER_FLAGS=-mcpu=cortex-a9 -mfpu=vfpv3 -mfloat-abi=hard -nostartfiles -g -Wall -Wextra"
Running Make include in ps7_cortexa9_0/libsrc/scutimer_v2_1/src
make -C ps7_cortexa9_0/libsrc/scutimer_v2_1/src -s include  "SHELL=/bin/sh" "COMPILER=arm-none-eabi-gcc" "ARCHIVER=arm-none-eabi-ar" "COMPILER_FLAGS=  -O2 -c" "EXTRA_COMPILER_FLAGS=-mcpu=cortex-a9 -mfpu=vfpv3 -mfloat-abi=hard -nostartfiles -g -Wall -Wextra"
Running Make libs in ps7_cortexa9_0/libsrc/dmaps_v2_3/src
make -C ps7_cortexa9_0/libsrc/dmaps_v2_3/src -s libs  "SHELL=/bin/sh" "COMPILER=arm-none-eabi-gcc" "ARCHIVER=arm-none-eabi-ar" "COMPILER_FLAGS=  -O2 -c" "EXTRA_COMPILER_FLAGS=-mcpu=cortex-a9 -mfpu=vfpv3 -mfloat-abi=hard -nostartfiles -g -Wall -Wextra"
Compiling dmaps
arm-none-eabi-ar: creating ../../../lib/libxil.a
Running Make libs in ps7_cortexa9_0/libsrc/ddrps_v1_0/src
make -C ps7_cortexa9_0/libsrc/ddrps_v1_0/src -s libs  "SHELL=/bin/sh" "COMPILER=arm-none-eabi-gcc" "ARCHIVER=arm-none-eabi-ar" "COMPILER_FLAGS=  -O2 -c" "EXTRA_COMPILER_FLAGS=-mcpu=cortex-a9 -mfpu=vfpv3 -mfloat-abi=hard -nostartfiles -g -Wall -Wextra"
Compiling ddrps
Running Make libs in ps7_cortexa9_0/libsrc/qspips_v3_4/src
make -C ps7_cortexa9_0/libsrc/qspips_v3_4/src -s libs  "SHELL=/bin/sh" "COMPILER=arm-none-eabi-gcc" "ARCHIVER=arm-none-eabi-ar" "COMPILER_FLAGS=  -O2 -c" "EXTRA_COMPILER_FLAGS=-mcpu=cortex-a9 -mfpu=vfpv3 -mfloat-abi=hard -nostartfiles -g -Wall -Wextra"
Compiling qspips
Running Make libs in ps7_cortexa9_0/libsrc/standalone_v6_7/src
make -C ps7_cortexa9_0/libsrc/standalone_v6_7/src -s libs  "SHELL=/bin/sh" "COMPILER=arm-none-eabi-gcc" "ARCHIVER=arm-none-eabi-ar" "COMPILER_FLAGS=  -O2 -c" "EXTRA_COMPILER_FLAGS=-mcpu=cortex-a9 -mfpu=vfpv3 -mfloat-abi=hard -nostartfiles -g -Wall -Wextra"
Compiling standalone
In file included from sleep.c:57:0:
xtime_l.h:89:9: note: #pragma message: For the sleep routines, Global timer is being used
 #pragma message ("For the sleep routines, Global timer is being used")
         ^~~~~~~
In file included from xtime_l.c:53:0:
xtime_l.h:89:9: note: #pragma message: For the sleep routines, Global timer is being used
 #pragma message ("For the sleep routines, Global timer is being used")
         ^~~~~~~
In file included from xil_sleeptimer.c:55:0:
xtime_l.h:89:9: note: #pragma message: For the sleep routines, Global timer is being used
 #pragma message ("For the sleep routines, Global timer is being used")
         ^~~~~~~
In file included from usleep.c:60:0:
xtime_l.h:89:9: note: #pragma message: For the sleep routines, Global timer is being used
 #pragma message ("For the sleep routines, Global timer is being used")
         ^~~~~~~
Running Make libs in ps7_cortexa9_0/libsrc/gpiops_v3_3/src
make -C ps7_cortexa9_0/libsrc/gpiops_v3_3/src -s libs  "SHELL=/bin/sh" "COMPILER=arm-none-eabi-gcc" "ARCHIVER=arm-none-eabi-ar" "COMPILER_FLAGS=  -O2 -c" "EXTRA_COMPILER_FLAGS=-mcpu=cortex-a9 -mfpu=vfpv3 -mfloat-abi=hard -nostartfiles -g -Wall -Wextra"
Compiling gpiops
Running Make libs in ps7_cortexa9_0/libsrc/cpu_cortexa9_v2_6/src
make -C ps7_cortexa9_0/libsrc/cpu_cortexa9_v2_6/src -s libs  "SHELL=/bin/sh" "COMPILER=arm-none-eabi-gcc" "ARCHIVER=arm-none-eabi-ar" "COMPILER_FLAGS=  -O2 -c" "EXTRA_COMPILER_FLAGS=-mcpu=cortex-a9 -mfpu=vfpv3 -mfloat-abi=hard -nostartfiles -g -Wall -Wextra"
Compiling cpu_cortexa9
Running Make libs in ps7_cortexa9_0/libsrc/emacps_v3_7/src
make -C ps7_cortexa9_0/libsrc/emacps_v3_7/src -s libs  "SHELL=/bin/sh" "COMPILER=arm-none-eabi-gcc" "ARCHIVER=arm-none-eabi-ar" "COMPILER_FLAGS=  -O2 -c" "EXTRA_COMPILER_FLAGS=-mcpu=cortex-a9 -mfpu=vfpv3 -mfloat-abi=hard -nostartfiles -g -Wall -Wextra"
Compiling emacps
Running Make libs in ps7_cortexa9_0/libsrc/scugic_v3_9/src
make -C ps7_cortexa9_0/libsrc/scugic_v3_9/src -s libs  "SHELL=/bin/sh" "COMPILER=arm-none-eabi-gcc" "ARCHIVER=arm-none-eabi-ar" "COMPILER_FLAGS=  -O2 -c" "EXTRA_COMPILER_FLAGS=-mcpu=cortex-a9 -mfpu=vfpv3 -mfloat-abi=hard -nostartfiles -g -Wall -Wextra"
Compiling scugic
Running Make libs in ps7_cortexa9_0/libsrc/uartps_v3_6/src
make -C ps7_cortexa9_0/libsrc/uartps_v3_6/src -s libs  "SHELL=/bin/sh" "COMPILER=arm-none-eabi-gcc" "ARCHIVER=arm-none-eabi-ar" "COMPILER_FLAGS=  -O2 -c" "EXTRA_COMPILER_FLAGS=-mcpu=cortex-a9 -mfpu=vfpv3 -mfloat-abi=hard -nostartfiles -g -Wall -Wextra"
Compiling uartps
Running Make libs in ps7_cortexa9_0/libsrc/xadcps_v2_2/src
make -C ps7_cortexa9_0/libsrc/xadcps_v2_2/src -s libs  "SHELL=/bin/sh" "COMPILER=arm-none-eabi-gcc" "ARCHIVER=arm-none-eabi-ar" "COMPILER_FLAGS=  -O2 -c" "EXTRA_COMPILER_FLAGS=-mcpu=cortex-a9 -mfpu=vfpv3 -mfloat-abi=hard -nostartfiles -g -Wall -Wextra"
Compiling xadcps
Running Make libs in ps7_cortexa9_0/libsrc/devcfg_v3_5/src
make -C ps7_cortexa9_0/libsrc/devcfg_v3_5/src -s libs  "SHELL=/bin/sh" "COMPILER=arm-none-eabi-gcc" "ARCHIVER=arm-none-eabi-ar" "COMPILER_FLAGS=  -O2 -c" "EXTRA_COMPILER_FLAGS=-mcpu=cortex-a9 -mfpu=vfpv3 -mfloat-abi=hard -nostartfiles -g -Wall -Wextra"
Compiling devcfg
Running Make libs in ps7_cortexa9_0/libsrc/scuwdt_v2_1/src
make -C ps7_cortexa9_0/libsrc/scuwdt_v2_1/src -s libs  "SHELL=/bin/sh" "COMPILER=arm-none-eabi-gcc" "ARCHIVER=arm-none-eabi-ar" "COMPILER_FLAGS=  -O2 -c" "EXTRA_COMPILER_FLAGS=-mcpu=cortex-a9 -mfpu=vfpv3 -mfloat-abi=hard -nostartfiles -g -Wall -Wextra"
Compiling scuwdt
Running Make libs in ps7_cortexa9_0/libsrc/sysmon_v7_4/src
make -C ps7_cortexa9_0/libsrc/sysmon_v7_4/src -s libs  "SHELL=/bin/sh" "COMPILER=arm-none-eabi-gcc" "ARCHIVER=arm-none-eabi-ar" "COMPILER_FLAGS=  -O2 -c" "EXTRA_COMPILER_FLAGS=-mcpu=cortex-a9 -mfpu=vfpv3 -mfloat-abi=hard -nostartfiles -g -Wall -Wextra"
Compiling sysmon
Running Make libs in ps7_cortexa9_0/libsrc/ttcps_v3_6/src
make -C ps7_cortexa9_0/libsrc/ttcps_v3_6/src -s libs  "SHELL=/bin/sh" "COMPILER=arm-none-eabi-gcc" "ARCHIVER=arm-none-eabi-ar" "COMPILER_FLAGS=  -O2 -c" "EXTRA_COMPILER_FLAGS=-mcpu=cortex-a9 -mfpu=vfpv3 -mfloat-abi=hard -nostartfiles -g -Wall -Wextra"
Compiling ttcps
Running Make libs in ps7_cortexa9_0/libsrc/sdps_v3_5/src
make -C ps7_cortexa9_0/libsrc/sdps_v3_5/src -s libs  "SHELL=/bin/sh" "COMPILER=arm-none-eabi-gcc" "ARCHIVER=arm-none-eabi-ar" "COMPILER_FLAGS=  -O2 -c" "EXTRA_COMPILER_FLAGS=-mcpu=cortex-a9 -mfpu=vfpv3 -mfloat-abi=hard -nostartfiles -g -Wall -Wextra"
Compiling sdps
Running Make libs in ps7_cortexa9_0/libsrc/usbps_v2_4/src
make -C ps7_cortexa9_0/libsrc/usbps_v2_4/src -s libs  "SHELL=/bin/sh" "COMPILER=arm-none-eabi-gcc" "ARCHIVER=arm-none-eabi-ar" "COMPILER_FLAGS=  -O2 -c" "EXTRA_COMPILER_FLAGS=-mcpu=cortex-a9 -mfpu=vfpv3 -mfloat-abi=hard -nostartfiles -g -Wall -Wextra"
Compiling usbps
Running Make libs in ps7_cortexa9_0/libsrc/coresightps_dcc_v1_4/src
make -C ps7_cortexa9_0/libsrc/coresightps_dcc_v1_4/src -s libs  "SHELL=/bin/sh" "COMPILER=arm-none-eabi-gcc" "ARCHIVER=arm-none-eabi-ar" "COMPILER_FLAGS=  -O2 -c" "EXTRA_COMPILER_FLAGS=-mcpu=cortex-a9 -mfpu=vfpv3 -mfloat-abi=hard -nostartfiles -g -Wall -Wextra"
Compiling coresightps_dcc
Running Make libs in ps7_cortexa9_0/libsrc/scutimer_v2_1/src
make -C ps7_cortexa9_0/libsrc/scutimer_v2_1/src -s libs  "SHELL=/bin/sh" "COMPILER=arm-none-eabi-gcc" "ARCHIVER=arm-none-eabi-ar" "COMPILER_FLAGS=  -O2 -c" "EXTRA_COMPILER_FLAGS=-mcpu=cortex-a9 -mfpu=vfpv3 -mfloat-abi=hard -nostartfiles -g -Wall -Wextra"
Compiling scutimer
Finished building libraries
15:04:58 **** Auto Build of configuration Debug for project helloworld ****
make pre-build main-build 
a9-linaro-pre-build-step
 
Building file: ../src/helloworld.c
Invoking: ARM v7 gcc compiler
arm-none-eabi-gcc -Wall -O0 -g3 -c -fmessage-length=0 -MT"src/helloworld.o" -mcpu=cortex-a9 -mfpu=vfpv3 -mfloat-abi=hard -I../../helloworld_bsp/ps7_cortexa9_0/include -MMD -MP -MF"src/helloworld.d" -MT"src/helloworld.o" -o "src/helloworld.o" "../src/helloworld.c"
Finished building: ../src/helloworld.c
 
Building file: ../src/platform.c
Invoking: ARM v7 gcc compiler
arm-none-eabi-gcc -Wall -O0 -g3 -c -fmessage-length=0 -MT"src/platform.o" -mcpu=cortex-a9 -mfpu=vfpv3 -mfloat-abi=hard -I../../helloworld_bsp/ps7_cortexa9_0/include -MMD -MP -MF"src/platform.d" -MT"src/platform.o" -o "src/platform.o" "../src/platform.c"
Finished building: ../src/platform.c
 
Building target: helloworld.elf
Invoking: ARM v7 gcc linker
arm-none-eabi-gcc -mcpu=cortex-a9 -mfpu=vfpv3 -mfloat-abi=hard -Wl,-build-id=none -specs=Xilinx.spec -Wl,-T -Wl,../src/lscript.ld -L../../helloworld_bsp/ps7_cortexa9_0/lib -o "helloworld.elf"  ./src/helloworld.o ./src/platform.o   -Wl,--start-group,-lxil,-lgcc,-lc,--end-group
Finished building target: helloworld.elf
 
Invoking: ARM v7 Print Size
arm-none-eabi-size helloworld.elf  |tee "helloworld.elf.size"
   text	   data	    bss	    dec	    hex	filename
  19352	   1144	  22568	  43064	   a838	helloworld.elf
Finished building: helloworld.elf.size
 
15:04:58 **** Auto Build of configuration Debug for project helloworld_bsp_xadcps_polled_printf_example_1 ****
make pre-build main-build 
a9-linaro-pre-build-step
 
Building file: ../src/xadcps_polled_printf_example.c
Invoking: ARM v7 gcc compiler
arm-none-eabi-gcc -Wall -O0 -g3 -c -fmessage-length=0 -MT"src/xadcps_polled_printf_example.o" -mcpu=cortex-a9 -mfpu=vfpv3 -mfloat-abi=hard -I../../helloworld_bsp/ps7_cortexa9_0/include -MMD -MP -MF"src/xadcps_polled_printf_example.d" -MT"src/xadcps_polled_printf_example.o" -o "src/xadcps_polled_printf_example.o" "../src/xadcps_polled_printf_example.c"
Finished building: ../src/xadcps_polled_printf_example.c
 
Building target: helloworld_bsp_xadcps_polled_printf_example_1.elf
Invoking: ARM v7 gcc linker
arm-none-eabi-gcc -mcpu=cortex-a9 -mfpu=vfpv3 -mfloat-abi=hard -Wl,-build-id=none -specs=Xilinx.spec -Wl,-T -Wl,../src/lscript.ld -L../../helloworld_bsp/ps7_cortexa9_0/lib -o "helloworld_bsp_xadcps_polled_printf_example_1.elf"  ./src/xadcps_polled_printf_example.o   -Wl,--start-group,-lxil,-lgcc,-lc,--end-group
Finished building target: helloworld_bsp_xadcps_polled_printf_example_1.elf
 
Invoking: ARM v7 Print Size
arm-none-eabi-size helloworld_bsp_xadcps_polled_printf_example_1.elf  |tee "helloworld_bsp_xadcps_polled_printf_example_1.elf.size"
   text	   data	    bss	    dec	    hex	filename
  31820	   1160	  22600	  55580	   d91c	helloworld_bsp_xadcps_polled_printf_example_1.elf
Finished building: helloworld_bsp_xadcps_polled_printf_example_1.elf.size
 
15:58:22 **** Auto Build of configuration Debug for project helloworld_bsp_xadcps_polled_printf_example_1 ****
make pre-build main-build 
a9-linaro-pre-build-step
 
Building file: ../src/xadcps_polled_printf_example.c
Invoking: ARM v7 gcc compiler
arm-none-eabi-gcc -Wall -O0 -g3 -c -fmessage-length=0 -MT"src/xadcps_polled_printf_example.o" -mcpu=cortex-a9 -mfpu=vfpv3 -mfloat-abi=hard -I../../helloworld_bsp/ps7_cortexa9_0/include -MMD -MP -MF"src/xadcps_polled_printf_example.d" -MT"src/xadcps_polled_printf_example.o" -o "src/xadcps_polled_printf_example.o" "../src/xadcps_polled_printf_example.c"
../src/xadcps_polled_printf_example.c: In function 'XAdcPolledPrintfExample':
../src/xadcps_polled_printf_example.c:200:2: error: 'RawData' undeclared (first use in this function); did you mean 'awData'?
  RawData = XAdcPs_GetAdcData(XAdcInstPtr, XADCPS_CH_AUX_MIN);
  ^~~~~~~
  awData
../src/xadcps_polled_printf_example.c:200:2: note: each undeclared identifier is reported only once for each function it appears in
../src/xadcps_polled_printf_example.c:159:6: warning: unused variable 'awData' [-Wunused-variable]
  u32 awData;
src/subdir.mk:21: recipe for target 'src/xadcps_polled_printf_example.o' failed
      ^~~~~~
At top level:
../src/xadcps_polled_printf_example.c:307:5: warning: 'XAdcFractionToInt' defined but not used [-Wunused-function]
 int XAdcFractionToInt(float FloatNum)
     ^~~~~~~~~~~~~~~~~
make: *** [src/xadcps_polled_printf_example.o] Error 1
15:58:31 **** Auto Build of configuration Debug for project helloworld_bsp_xadcps_polled_printf_example_1 ****
make pre-build main-build 
a9-linaro-pre-build-step
 
Building file: ../src/xadcps_polled_printf_example.c
Invoking: ARM v7 gcc compiler
arm-none-eabi-gcc -Wall -O0 -g3 -c -fmessage-length=0 -MT"src/xadcps_polled_printf_example.o" -mcpu=cortex-a9 -mfpu=vfpv3 -mfloat-abi=hard -I../../helloworld_bsp/ps7_cortexa9_0/include -MMD -MP -MF"src/xadcps_polled_printf_example.d" -MT"src/xadcps_polled_printf_example.o" -o "src/xadcps_polled_printf_example.o" "../src/xadcps_polled_printf_example.c"
../src/xadcps_polled_printf_example.c: In function 'XAdcPolledPrintfExample':
../src/xadcps_polled_printf_example.c:200:2: error: 'RawData' undeclared (first use in this function); did you mean 'rawData'?
  RawData = XAdcPs_GetAdcData(XAdcInstPtr, XADCPS_CH_AUX_MIN);
  ^~~~~~~
  rawData
../src/xadcps_polled_printf_example.c:200:2: note: each undeclared identifier is reported only once for each function it appears in
../src/xadcps_polled_printf_example.c:159:6: warning: unused variable 'rawData' [-Wunused-variable]
src/subdir.mk:21: recipe for target 'src/xadcps_polled_printf_example.o' failed
  u32 rawData;
      ^~~~~~~
At top level:
../src/xadcps_polled_printf_example.c:307:5: warning: 'XAdcFractionToInt' defined but not used [-Wunused-function]
 int XAdcFractionToInt(float FloatNum)
     ^~~~~~~~~~~~~~~~~
make: *** [src/xadcps_polled_printf_example.o] Error 1
15:58:34 **** Auto Build of configuration Debug for project helloworld_bsp_xadcps_polled_printf_example_1 ****
make pre-build main-build 
a9-linaro-pre-build-step
 
Building file: ../src/xadcps_polled_printf_example.c
Invoking: ARM v7 gcc compiler
arm-none-eabi-gcc -Wall -O0 -g3 -c -fmessage-length=0 -MT"src/xadcps_polled_printf_example.o" -mcpu=cortex-a9 -mfpu=vfpv3 -mfloat-abi=hard -I../../helloworld_bsp/ps7_cortexa9_0/include -MMD -MP -MF"src/xadcps_polled_printf_example.d" -MT"src/xadcps_polled_printf_example.o" -o "src/xadcps_polled_printf_example.o" "../src/xadcps_polled_printf_example.c"
../src/xadcps_polled_printf_example.c: In function 'XAdcPolledPrintfExample':
../src/xadcps_polled_printf_example.c:159:6: warning: variable 'rawData' set but not used [-Wunused-but-set-variable]
  u32 rawData;
      ^~~~~~~
At top level:
../src/xadcps_polled_printf_example.c:307:5: warning: 'XAdcFractionToInt' defined but not used [-Wunused-function]
 int XAdcFractionToInt(float FloatNum)
     ^~~~~~~~~~~~~~~~~
Finished building: ../src/xadcps_polled_printf_example.c
 
Building target: helloworld_bsp_xadcps_polled_printf_example_1.elf
Invoking: ARM v7 gcc linker
arm-none-eabi-gcc -mcpu=cortex-a9 -mfpu=vfpv3 -mfloat-abi=hard -Wl,-build-id=none -specs=Xilinx.spec -Wl,-T -Wl,../src/lscript.ld -L../../helloworld_bsp/ps7_cortexa9_0/lib -o "helloworld_bsp_xadcps_polled_printf_example_1.elf"  ./src/xadcps_polled_printf_example.o   -Wl,--start-group,-lxil,-lgcc,-lc,--end-group
Finished building target: helloworld_bsp_xadcps_polled_printf_example_1.elf
 
Invoking: ARM v7 Print Size
arm-none-eabi-size helloworld_bsp_xadcps_polled_printf_example_1.elf  |tee "helloworld_bsp_xadcps_polled_printf_example_1.elf.size"
   text	   data	    bss	    dec	    hex	filename
  30108	   1160	  22600	  53868	   d26c	helloworld_bsp_xadcps_polled_printf_example_1.elf
Finished building: helloworld_bsp_xadcps_polled_printf_example_1.elf.size
 
15:59:39 **** Auto Build of configuration Debug for project helloworld_bsp_xadcps_polled_printf_example_1 ****
make pre-build main-build 
a9-linaro-pre-build-step
 
Building file: ../src/xadcps_polled_printf_example.c
Invoking: ARM v7 gcc compiler
arm-none-eabi-gcc -Wall -O0 -g3 -c -fmessage-length=0 -MT"src/xadcps_polled_printf_example.o" -mcpu=cortex-a9 -mfpu=vfpv3 -mfloat-abi=hard -I../../helloworld_bsp/ps7_cortexa9_0/include -MMD -MP -MF"src/xadcps_polled_printf_example.d" -MT"src/xadcps_polled_printf_example.o" -o "src/xadcps_polled_printf_example.o" "../src/xadcps_polled_printf_example.c"
../src/xadcps_polled_printf_example.c: In function 'XAdcPolledPrintfExample':
../src/xadcps_polled_printf_example.c:63:6: warning: variable 'rawData' set but not used [-Wunused-but-set-variable]
  u32 rawData;
      ^~~~~~~
At top level:
../src/xadcps_polled_printf_example.c:204:5: warning: 'XAdcFractionToInt' defined but not used [-Wunused-function]
 int XAdcFractionToInt(float FloatNum)
     ^~~~~~~~~~~~~~~~~
Finished building: ../src/xadcps_polled_printf_example.c
 
Building target: helloworld_bsp_xadcps_polled_printf_example_1.elf
Invoking: ARM v7 gcc linker
arm-none-eabi-gcc -mcpu=cortex-a9 -mfpu=vfpv3 -mfloat-abi=hard -Wl,-build-id=none -specs=Xilinx.spec -Wl,-T -Wl,../src/lscript.ld -L../../helloworld_bsp/ps7_cortexa9_0/lib -o "helloworld_bsp_xadcps_polled_printf_example_1.elf"  ./src/xadcps_polled_printf_example.o   -Wl,--start-group,-lxil,-lgcc,-lc,--end-group
Finished building target: helloworld_bsp_xadcps_polled_printf_example_1.elf
 
Invoking: ARM v7 Print Size
arm-none-eabi-size helloworld_bsp_xadcps_polled_printf_example_1.elf  |tee "helloworld_bsp_xadcps_polled_printf_example_1.elf.size"
   text	   data	    bss	    dec	    hex	filename
  30108	   1160	  22600	  53868	   d26c	helloworld_bsp_xadcps_polled_printf_example_1.elf
Finished building: helloworld_bsp_xadcps_polled_printf_example_1.elf.size
 
16:00:54 **** Auto Build of configuration Debug for project helloworld_bsp_xadcps_polled_printf_example_1 ****
make pre-build main-build 
a9-linaro-pre-build-step
 
Building file: ../src/xadcps_polled_printf_example.c
Invoking: ARM v7 gcc compiler
arm-none-eabi-gcc -Wall -O0 -g3 -c -fmessage-length=0 -MT"src/xadcps_polled_printf_example.o" -mcpu=cortex-a9 -mfpu=vfpv3 -mfloat-abi=hard -I../../helloworld_bsp/ps7_cortexa9_0/include -MMD -MP -MF"src/xadcps_polled_printf_example.d" -MT"src/xadcps_polled_printf_example.o" -o "src/xadcps_polled_printf_example.o" "../src/xadcps_polled_printf_example.c"
../src/xadcps_polled_printf_example.c: In function 'XAdcPolledPrintfExample':
../src/xadcps_polled_printf_example.c:97:61: error: 'CH5' undeclared (first use in this function); did you mean 'CH_5'?
  rawData = XAdcPs_GetAdcData(XAdcInstPtr, XADCPS_CH_AUX_MIN+CH5);
                                                             ^~~
                                                             CH_5
../src/xadcps_polled_printf_example.c:97:61: note: each undeclared identifier is reported only once for each function it appears in
../src/xadcps_polled_printf_example.c:99:61: error: 'CH6' undeclared (first use in this function); did you mean 'CH5'?
  rawData = XAdcPs_GetAdcData(XAdcInstPtr, XADCPS_CH_AUX_MIN+CH6);
                                                             ^~~
                                                             CH5
../src/xadcps_polled_printf_example.c:101:61: error: 'CH14' undeclared (first use in this function); did you mean 'CH_14'?
  rawData = XAdcPs_GetAdcData(XAdcInstPtr, XADCPS_CH_AUX_MIN+CH14);
                                                             ^~~~
                                                             CH_14
../src/xadcps_polled_printf_example.c:103:61: error: 'CH15' undeclared (first use in this function); did you mean 'CH14'?
  rawData = XAdcPs_GetAdcData(XAdcInstPtr, XADCPS_CH_AUX_MIN+CH15);
                                                             ^~~~
                                                             CH14
At top level:
../src/xadcps_polled_printf_example.c:210:5: warning: 'XAdcFractionToInt' defined but not used [-Wunused-function]
 int XAdcFractionToInt(float FloatNum)
src/subdir.mk:21: recipe for target 'src/xadcps_polled_printf_example.o' failed
     ^~~~~~~~~~~~~~~~~
make: *** [src/xadcps_polled_printf_example.o] Error 1
16:01:05 **** Auto Build of configuration Debug for project helloworld_bsp_xadcps_polled_printf_example_1 ****
make pre-build main-build 
a9-linaro-pre-build-step
 
Building file: ../src/xadcps_polled_printf_example.c
Invoking: ARM v7 gcc compiler
arm-none-eabi-gcc -Wall -O0 -g3 -c -fmessage-length=0 -MT"src/xadcps_polled_printf_example.o" -mcpu=cortex-a9 -mfpu=vfpv3 -mfloat-abi=hard -I../../helloworld_bsp/ps7_cortexa9_0/include -MMD -MP -MF"src/xadcps_polled_printf_example.d" -MT"src/xadcps_polled_printf_example.o" -o "src/xadcps_polled_printf_example.o" "../src/xadcps_polled_printf_example.c"
../src/xadcps_polled_printf_example.c:210:5: warning: 'XAdcFractionToInt' defined but not used [-Wunused-function]
 int XAdcFractionToInt(float FloatNum)
     ^~~~~~~~~~~~~~~~~
Finished building: ../src/xadcps_polled_printf_example.c
 
Building target: helloworld_bsp_xadcps_polled_printf_example_1.elf
Invoking: ARM v7 gcc linker
arm-none-eabi-gcc -mcpu=cortex-a9 -mfpu=vfpv3 -mfloat-abi=hard -Wl,-build-id=none -specs=Xilinx.spec -Wl,-T -Wl,../src/lscript.ld -L../../helloworld_bsp/ps7_cortexa9_0/lib -o "helloworld_bsp_xadcps_polled_printf_example_1.elf"  ./src/xadcps_polled_printf_example.o   -Wl,--start-group,-lxil,-lgcc,-lc,--end-group
Finished building target: helloworld_bsp_xadcps_polled_printf_example_1.elf
 
Invoking: ARM v7 Print Size
arm-none-eabi-size helloworld_bsp_xadcps_polled_printf_example_1.elf  |tee "helloworld_bsp_xadcps_polled_printf_example_1.elf.size"
   text	   data	    bss	    dec	    hex	filename
  30284	   1160	  22600	  54044	   d31c	helloworld_bsp_xadcps_polled_printf_example_1.elf
Finished building: helloworld_bsp_xadcps_polled_printf_example_1.elf.size
 
16:01:22 **** Incremental Build of configuration Debug for project helloworld_bsp_xadcps_polled_printf_example_1 ****
make pre-build main-build 
a9-linaro-pre-build-step
 
make: Nothing to be done for 'main-build'.
16:02:49 **** Auto Build of configuration Debug for project helloworld_bsp_xadcps_polled_printf_example_1 ****
make pre-build main-build 
a9-linaro-pre-build-step
 
Building file: ../src/xadcps_polled_printf_example.c
Invoking: ARM v7 gcc compiler
arm-none-eabi-gcc -Wall -O0 -g3 -c -fmessage-length=0 -MT"src/xadcps_polled_printf_example.o" -mcpu=cortex-a9 -mfpu=vfpv3 -mfloat-abi=hard -I../../helloworld_bsp/ps7_cortexa9_0/include -MMD -MP -MF"src/xadcps_polled_printf_example.d" -MT"src/xadcps_polled_printf_example.o" -o "src/xadcps_polled_printf_example.o" "../src/xadcps_polled_printf_example.c"
../src/xadcps_polled_printf_example.c: In function 'XAdcPolledPrintfExample':
../src/xadcps_polled_printf_example.c:105:3: warning: implicit declaration of function 'usleep'; did you mean 'fseek'? [-Wimplicit-function-declaration]
   usleep(MS_100);
   ^~~~~~
   fseek
At top level:
../src/xadcps_polled_printf_example.c:211:5: warning: 'XAdcFractionToInt' defined but not used [-Wunused-function]
 int XAdcFractionToInt(float FloatNum)
     ^~~~~~~~~~~~~~~~~
Finished building: ../src/xadcps_polled_printf_example.c
 
Building target: helloworld_bsp_xadcps_polled_printf_example_1.elf
Invoking: ARM v7 gcc linker
arm-none-eabi-gcc -mcpu=cortex-a9 -mfpu=vfpv3 -mfloat-abi=hard -Wl,-build-id=none -specs=Xilinx.spec -Wl,-T -Wl,../src/lscript.ld -L../../helloworld_bsp/ps7_cortexa9_0/lib -o "helloworld_bsp_xadcps_polled_printf_example_1.elf"  ./src/xadcps_polled_printf_example.o   -Wl,--start-group,-lxil,-lgcc,-lc,--end-group
Finished building target: helloworld_bsp_xadcps_polled_printf_example_1.elf
 
Invoking: ARM v7 Print Size
arm-none-eabi-size helloworld_bsp_xadcps_polled_printf_example_1.elf  |tee "helloworld_bsp_xadcps_polled_printf_example_1.elf.size"
   text	   data	    bss	    dec	    hex	filename
  30440	   1160	  22600	  54200	   d3b8	helloworld_bsp_xadcps_polled_printf_example_1.elf
Finished building: helloworld_bsp_xadcps_polled_printf_example_1.elf.size
 
16:03:23 **** Auto Build of configuration Debug for project helloworld_bsp_xadcps_polled_printf_example_1 ****
make pre-build main-build 
a9-linaro-pre-build-step
 
Building file: ../src/xadcps_polled_printf_example.c
Invoking: ARM v7 gcc compiler
arm-none-eabi-gcc -Wall -O0 -g3 -c -fmessage-length=0 -MT"src/xadcps_polled_printf_example.o" -mcpu=cortex-a9 -mfpu=vfpv3 -mfloat-abi=hard -I../../helloworld_bsp/ps7_cortexa9_0/include -MMD -MP -MF"src/xadcps_polled_printf_example.d" -MT"src/xadcps_polled_printf_example.o" -o "src/xadcps_polled_printf_example.o" "../src/xadcps_polled_printf_example.c"
../src/xadcps_polled_printf_example.c: In function 'XAdcPolledPrintfExample':
../src/xadcps_polled_printf_example.c:111:3: warning: implicit declaration of function 'usleep'; did you mean 'fseek'? [-Wimplicit-function-declaration]
   usleep(MS_100);
   ^~~~~~
   fseek
At top level:
../src/xadcps_polled_printf_example.c:217:5: warning: 'XAdcFractionToInt' defined but not used [-Wunused-function]
 int XAdcFractionToInt(float FloatNum)
     ^~~~~~~~~~~~~~~~~
Finished building: ../src/xadcps_polled_printf_example.c
 
Building target: helloworld_bsp_xadcps_polled_printf_example_1.elf
Invoking: ARM v7 gcc linker
arm-none-eabi-gcc -mcpu=cortex-a9 -mfpu=vfpv3 -mfloat-abi=hard -Wl,-build-id=none -specs=Xilinx.spec -Wl,-T -Wl,../src/lscript.ld -L../../helloworld_bsp/ps7_cortexa9_0/lib -o "helloworld_bsp_xadcps_polled_printf_example_1.elf"  ./src/xadcps_polled_printf_example.o   -Wl,--start-group,-lxil,-lgcc,-lc,--end-group
Finished building target: helloworld_bsp_xadcps_polled_printf_example_1.elf
 
Invoking: ARM v7 Print Size
arm-none-eabi-size helloworld_bsp_xadcps_polled_printf_example_1.elf  |tee "helloworld_bsp_xadcps_polled_printf_example_1.elf.size"
   text	   data	    bss	    dec	    hex	filename
  30440	   1160	  22600	  54200	   d3b8	helloworld_bsp_xadcps_polled_printf_example_1.elf
Finished building: helloworld_bsp_xadcps_polled_printf_example_1.elf.size
 
16:03:28 **** Auto Build of configuration Debug for project helloworld_bsp_xadcps_polled_printf_example_1 ****
make pre-build main-build 
a9-linaro-pre-build-step
 
Building file: ../src/xadcps_polled_printf_example.c
Invoking: ARM v7 gcc compiler
arm-none-eabi-gcc -Wall -O0 -g3 -c -fmessage-length=0 -MT"src/xadcps_polled_printf_example.o" -mcpu=cortex-a9 -mfpu=vfpv3 -mfloat-abi=hard -I../../helloworld_bsp/ps7_cortexa9_0/include -MMD -MP -MF"src/xadcps_polled_printf_example.d" -MT"src/xadcps_polled_printf_example.o" -o "src/xadcps_polled_printf_example.o" "../src/xadcps_polled_printf_example.c"
../src/xadcps_polled_printf_example.c: In function 'XAdcPolledPrintfExample':
../src/xadcps_polled_printf_example.c:109:3: warning: implicit declaration of function 'usleep'; did you mean 'fseek'? [-Wimplicit-function-declaration]
   usleep(MS_100);
   ^~~~~~
   fseek
At top level:
../src/xadcps_polled_printf_example.c:215:5: warning: 'XAdcFractionToInt' defined but not used [-Wunused-function]
 int XAdcFractionToInt(float FloatNum)
     ^~~~~~~~~~~~~~~~~
Finished building: ../src/xadcps_polled_printf_example.c
 
Building target: helloworld_bsp_xadcps_polled_printf_example_1.elf
Invoking: ARM v7 gcc linker
arm-none-eabi-gcc -mcpu=cortex-a9 -mfpu=vfpv3 -mfloat-abi=hard -Wl,-build-id=none -specs=Xilinx.spec -Wl,-T -Wl,../src/lscript.ld -L../../helloworld_bsp/ps7_cortexa9_0/lib -o "helloworld_bsp_xadcps_polled_printf_example_1.elf"  ./src/xadcps_polled_printf_example.o   -Wl,--start-group,-lxil,-lgcc,-lc,--end-group
Finished building target: helloworld_bsp_xadcps_polled_printf_example_1.elf
 
Invoking: ARM v7 Print Size
arm-none-eabi-size helloworld_bsp_xadcps_polled_printf_example_1.elf  |tee "helloworld_bsp_xadcps_polled_printf_example_1.elf.size"
   text	   data	    bss	    dec	    hex	filename
  30440	   1160	  22600	  54200	   d3b8	helloworld_bsp_xadcps_polled_printf_example_1.elf
Finished building: helloworld_bsp_xadcps_polled_printf_example_1.elf.size
 
16:04:01 **** Auto Build of configuration Debug for project helloworld_bsp_xadcps_polled_printf_example_1 ****
make pre-build main-build 
a9-linaro-pre-build-step
 
Building file: ../src/xadcps_polled_printf_example.c
Invoking: ARM v7 gcc compiler
arm-none-eabi-gcc -Wall -O0 -g3 -c -fmessage-length=0 -MT"src/xadcps_polled_printf_example.o" -mcpu=cortex-a9 -mfpu=vfpv3 -mfloat-abi=hard -I../../helloworld_bsp/ps7_cortexa9_0/include -MMD -MP -MF"src/xadcps_polled_printf_example.d" -MT"src/xadcps_polled_printf_example.o" -o "src/xadcps_polled_printf_example.o" "../src/xadcps_polled_printf_example.c"
../src/xadcps_polled_printf_example.c: In function 'XAdcPolledPrintfExample':
../src/xadcps_polled_printf_example.c:106:3: warning: implicit declaration of function 'usleep'; did you mean 'fseek'? [-Wimplicit-function-declaration]
   usleep(MS_100);
   ^~~~~~
   fseek
At top level:
../src/xadcps_polled_printf_example.c:212:5: warning: 'XAdcFractionToInt' defined but not used [-Wunused-function]
 int XAdcFractionToInt(float FloatNum)
     ^~~~~~~~~~~~~~~~~
Finished building: ../src/xadcps_polled_printf_example.c
 
Building target: helloworld_bsp_xadcps_polled_printf_example_1.elf
Invoking: ARM v7 gcc linker
arm-none-eabi-gcc -mcpu=cortex-a9 -mfpu=vfpv3 -mfloat-abi=hard -Wl,-build-id=none -specs=Xilinx.spec -Wl,-T -Wl,../src/lscript.ld -L../../helloworld_bsp/ps7_cortexa9_0/lib -o "helloworld_bsp_xadcps_polled_printf_example_1.elf"  ./src/xadcps_polled_printf_example.o   -Wl,--start-group,-lxil,-lgcc,-lc,--end-group
Finished building target: helloworld_bsp_xadcps_polled_printf_example_1.elf
 
Invoking: ARM v7 Print Size
arm-none-eabi-size helloworld_bsp_xadcps_polled_printf_example_1.elf  |tee "helloworld_bsp_xadcps_polled_printf_example_1.elf.size"
   text	   data	    bss	    dec	    hex	filename
  30440	   1160	  22600	  54200	   d3b8	helloworld_bsp_xadcps_polled_printf_example_1.elf
Finished building: helloworld_bsp_xadcps_polled_printf_example_1.elf.size
 
16:04:08 **** Auto Build of configuration Debug for project helloworld_bsp_xadcps_polled_printf_example_1 ****
make pre-build main-build 
a9-linaro-pre-build-step
 
Building file: ../src/xadcps_polled_printf_example.c
Invoking: ARM v7 gcc compiler
arm-none-eabi-gcc -Wall -O0 -g3 -c -fmessage-length=0 -MT"src/xadcps_polled_printf_example.o" -mcpu=cortex-a9 -mfpu=vfpv3 -mfloat-abi=hard -I../../helloworld_bsp/ps7_cortexa9_0/include -MMD -MP -MF"src/xadcps_polled_printf_example.d" -MT"src/xadcps_polled_printf_example.o" -o "src/xadcps_polled_printf_example.o" "../src/xadcps_polled_printf_example.c"
../src/xadcps_polled_printf_example.c:8:10: fatal error: platform.h: No such file or directory
 #include "platform.h"
          ^~~~~~~~~~~~
compilation terminated.
src/subdir.mk:21: recipe for target 'src/xadcps_polled_printf_example.o' failed
make: *** [src/xadcps_polled_printf_example.o] Error 1
16:04:13 **** Auto Build of configuration Debug for project helloworld_bsp_xadcps_polled_printf_example_1 ****
make pre-build main-build 
a9-linaro-pre-build-step
 
Building file: ../src/xadcps_polled_printf_example.c
Invoking: ARM v7 gcc compiler
arm-none-eabi-gcc -Wall -O0 -g3 -c -fmessage-length=0 -MT"src/xadcps_polled_printf_example.o" -mcpu=cortex-a9 -mfpu=vfpv3 -mfloat-abi=hard -I../../helloworld_bsp/ps7_cortexa9_0/include -MMD -MP -MF"src/xadcps_polled_printf_example.d" -MT"src/xadcps_polled_printf_example.o" -o "src/xadcps_polled_printf_example.o" "../src/xadcps_polled_printf_example.c"
../src/xadcps_polled_printf_example.c:2:10: fatal error: platform.h: No such file or directory
 #include "platform.h"
          ^~~~~~~~~~~~
src/subdir.mk:21: recipe for target 'src/xadcps_polled_printf_example.o' failed
compilation terminated.
make: *** [src/xadcps_polled_printf_example.o] Error 1
16:04:16 **** Auto Build of configuration Debug for project helloworld_bsp_xadcps_polled_printf_example_1 ****
make pre-build main-build 
a9-linaro-pre-build-step
 
Building file: ../src/xadcps_polled_printf_example.c
Invoking: ARM v7 gcc compiler
arm-none-eabi-gcc -Wall -O0 -g3 -c -fmessage-length=0 -MT"src/xadcps_polled_printf_example.o" -mcpu=cortex-a9 -mfpu=vfpv3 -mfloat-abi=hard -I../../helloworld_bsp/ps7_cortexa9_0/include -MMD -MP -MF"src/xadcps_polled_printf_example.d" -MT"src/xadcps_polled_printf_example.o" -o "src/xadcps_polled_printf_example.o" "../src/xadcps_polled_printf_example.c"
../src/xadcps_polled_printf_example.c: In function 'XAdcPolledPrintfExample':
../src/xadcps_polled_printf_example.c:106:3: warning: implicit declaration of function 'usleep'; did you mean 'fseek'? [-Wimplicit-function-declaration]
   usleep(MS_100);
   ^~~~~~
   fseek
At top level:
../src/xadcps_polled_printf_example.c:212:5: warning: 'XAdcFractionToInt' defined but not used [-Wunused-function]
 int XAdcFractionToInt(float FloatNum)
     ^~~~~~~~~~~~~~~~~
Finished building: ../src/xadcps_polled_printf_example.c
 
Building target: helloworld_bsp_xadcps_polled_printf_example_1.elf
Invoking: ARM v7 gcc linker
arm-none-eabi-gcc -mcpu=cortex-a9 -mfpu=vfpv3 -mfloat-abi=hard -Wl,-build-id=none -specs=Xilinx.spec -Wl,-T -Wl,../src/lscript.ld -L../../helloworld_bsp/ps7_cortexa9_0/lib -o "helloworld_bsp_xadcps_polled_printf_example_1.elf"  ./src/xadcps_polled_printf_example.o   -Wl,--start-group,-lxil,-lgcc,-lc,--end-group
Finished building target: helloworld_bsp_xadcps_polled_printf_example_1.elf
 
Invoking: ARM v7 Print Size
arm-none-eabi-size helloworld_bsp_xadcps_polled_printf_example_1.elf  |tee "helloworld_bsp_xadcps_polled_printf_example_1.elf.size"
   text	   data	    bss	    dec	    hex	filename
  30440	   1160	  22600	  54200	   d3b8	helloworld_bsp_xadcps_polled_printf_example_1.elf
Finished building: helloworld_bsp_xadcps_polled_printf_example_1.elf.size
 
16:04:24 **** Incremental Build of configuration Debug for project helloworld_bsp_xadcps_polled_printf_example_1 ****
make pre-build main-build 
a9-linaro-pre-build-step
 
make: Nothing to be done for 'main-build'.
16:05:01 **** Auto Build of configuration Debug for project helloworld_bsp_xadcps_polled_printf_example_1 ****
make pre-build main-build 
a9-linaro-pre-build-step
 
Building file: ../src/xadcps_polled_printf_example.c
Invoking: ARM v7 gcc compiler
arm-none-eabi-gcc -Wall -O0 -g3 -c -fmessage-length=0 -MT"src/xadcps_polled_printf_example.o" -mcpu=cortex-a9 -mfpu=vfpv3 -mfloat-abi=hard -I../../helloworld_bsp/ps7_cortexa9_0/include -MMD -MP -MF"src/xadcps_polled_printf_example.d" -MT"src/xadcps_polled_printf_example.o" -o "src/xadcps_polled_printf_example.o" "../src/xadcps_polled_printf_example.c"
../src/xadcps_polled_printf_example.c: In function 'XAdcPolledPrintfExample':
../src/xadcps_polled_printf_example.c:106:3: warning: implicit declaration of function 'usleep'; did you mean 'fseek'? [-Wimplicit-function-declaration]
   usleep(MS_100);
   ^~~~~~
   fseek
At top level:
../src/xadcps_polled_printf_example.c:212:5: warning: 'XAdcFractionToInt' defined but not used [-Wunused-function]
 int XAdcFractionToInt(float FloatNum)
     ^~~~~~~~~~~~~~~~~
Finished building: ../src/xadcps_polled_printf_example.c
 
Building target: helloworld_bsp_xadcps_polled_printf_example_1.elf
Invoking: ARM v7 gcc linker
arm-none-eabi-gcc -mcpu=cortex-a9 -mfpu=vfpv3 -mfloat-abi=hard -Wl,-build-id=none -specs=Xilinx.spec -Wl,-T -Wl,../src/lscript.ld -L../../helloworld_bsp/ps7_cortexa9_0/lib -o "helloworld_bsp_xadcps_polled_printf_example_1.elf"  ./src/xadcps_polled_printf_example.o   -Wl,--start-group,-lxil,-lgcc,-lc,--end-group
Finished building target: helloworld_bsp_xadcps_polled_printf_example_1.elf
 
Invoking: ARM v7 Print Size
arm-none-eabi-size helloworld_bsp_xadcps_polled_printf_example_1.elf  |tee "helloworld_bsp_xadcps_polled_printf_example_1.elf.size"
   text	   data	    bss	    dec	    hex	filename
  30440	   1160	  22600	  54200	   d3b8	helloworld_bsp_xadcps_polled_printf_example_1.elf
Finished building: helloworld_bsp_xadcps_polled_printf_example_1.elf.size
 
16:05:12 **** Auto Build of configuration Debug for project helloworld_bsp_xadcps_polled_printf_example_1 ****
make pre-build main-build 
a9-linaro-pre-build-step
 
Building file: ../src/xadcps_polled_printf_example.c
Invoking: ARM v7 gcc compiler
arm-none-eabi-gcc -Wall -O0 -g3 -c -fmessage-length=0 -MT"src/xadcps_polled_printf_example.o" -mcpu=cortex-a9 -mfpu=vfpv3 -mfloat-abi=hard -I../../helloworld_bsp/ps7_cortexa9_0/include -MMD -MP -MF"src/xadcps_polled_printf_example.d" -MT"src/xadcps_polled_printf_example.o" -o "src/xadcps_polled_printf_example.o" "../src/xadcps_polled_printf_example.c"
../src/xadcps_polled_printf_example.c: In function 'XAdcPolledPrintfExample':
../src/xadcps_polled_printf_example.c:106:3: warning: implicit declaration of function 'usleep'; did you mean 'fseek'? [-Wimplicit-function-declaration]
   usleep(MS_100);
   ^~~~~~
   fseek
At top level:
../src/xadcps_polled_printf_example.c:212:5: warning: 'XAdcFractionToInt' defined but not used [-Wunused-function]
 int XAdcFractionToInt(float FloatNum)
     ^~~~~~~~~~~~~~~~~
Finished building: ../src/xadcps_polled_printf_example.c
 
Building target: helloworld_bsp_xadcps_polled_printf_example_1.elf
Invoking: ARM v7 gcc linker
arm-none-eabi-gcc -mcpu=cortex-a9 -mfpu=vfpv3 -mfloat-abi=hard -Wl,-build-id=none -specs=Xilinx.spec -Wl,-T -Wl,../src/lscript.ld -L../../helloworld_bsp/ps7_cortexa9_0/lib -o "helloworld_bsp_xadcps_polled_printf_example_1.elf"  ./src/xadcps_polled_printf_example.o   -Wl,--start-group,-lxil,-lgcc,-lc,--end-group
Finished building target: helloworld_bsp_xadcps_polled_printf_example_1.elf
 
Invoking: ARM v7 Print Size
arm-none-eabi-size helloworld_bsp_xadcps_polled_printf_example_1.elf  |tee "helloworld_bsp_xadcps_polled_printf_example_1.elf.size"
   text	   data	    bss	    dec	    hex	filename
  30440	   1160	  22600	  54200	   d3b8	helloworld_bsp_xadcps_polled_printf_example_1.elf
Finished building: helloworld_bsp_xadcps_polled_printf_example_1.elf.size
 
16:05:43 **** Auto Build of configuration Debug for project helloworld_bsp_xadcps_polled_printf_example_1 ****
make pre-build main-build 
a9-linaro-pre-build-step
 
Building file: ../src/xadcps_polled_printf_example.c
Invoking: ARM v7 gcc compiler
arm-none-eabi-gcc -Wall -O0 -g3 -c -fmessage-length=0 -MT"src/xadcps_polled_printf_example.o" -mcpu=cortex-a9 -mfpu=vfpv3 -mfloat-abi=hard -I../../helloworld_bsp/ps7_cortexa9_0/include -MMD -MP -MF"src/xadcps_polled_printf_example.d" -MT"src/xadcps_polled_printf_example.o" -o "src/xadcps_polled_printf_example.o" "../src/xadcps_polled_printf_example.c"
../src/xadcps_polled_printf_example.c: In function 'XAdcPolledPrintfExample':
../src/xadcps_polled_printf_example.c:106:3: warning: implicit declaration of function 'usleep'; did you mean 'fseek'? [-Wimplicit-function-declaration]
   usleep(MS_100);
   ^~~~~~
   fseek
At top level:
../src/xadcps_polled_printf_example.c:212:5: warning: 'XAdcFractionToInt' defined but not used [-Wunused-function]
 int XAdcFractionToInt(float FloatNum)
     ^~~~~~~~~~~~~~~~~
Finished building: ../src/xadcps_polled_printf_example.c
 
Building target: helloworld_bsp_xadcps_polled_printf_example_1.elf
Invoking: ARM v7 gcc linker
arm-none-eabi-gcc -mcpu=cortex-a9 -mfpu=vfpv3 -mfloat-abi=hard -Wl,-build-id=none -specs=Xilinx.spec -Wl,-T -Wl,../src/lscript.ld -L../../helloworld_bsp/ps7_cortexa9_0/lib -o "helloworld_bsp_xadcps_polled_printf_example_1.elf"  ./src/xadcps_polled_printf_example.o   -Wl,--start-group,-lxil,-lgcc,-lc,--end-group
Finished building target: helloworld_bsp_xadcps_polled_printf_example_1.elf
 
Invoking: ARM v7 Print Size
arm-none-eabi-size helloworld_bsp_xadcps_polled_printf_example_1.elf  |tee "helloworld_bsp_xadcps_polled_printf_example_1.elf.size"
   text	   data	    bss	    dec	    hex	filename
  30440	   1160	  22600	  54200	   d3b8	helloworld_bsp_xadcps_polled_printf_example_1.elf
Finished building: helloworld_bsp_xadcps_polled_printf_example_1.elf.size
 
16:05:49 **** Auto Build of configuration Debug for project helloworld_bsp_xadcps_polled_printf_example_1 ****
make pre-build main-build 
a9-linaro-pre-build-step
 
Building file: ../src/xadcps_polled_printf_example.c
Invoking: ARM v7 gcc compiler
arm-none-eabi-gcc -Wall -O0 -g3 -c -fmessage-length=0 -MT"src/xadcps_polled_printf_example.o" -mcpu=cortex-a9 -mfpu=vfpv3 -mfloat-abi=hard -I../../helloworld_bsp/ps7_cortexa9_0/include -MMD -MP -MF"src/xadcps_polled_printf_example.d" -MT"src/xadcps_polled_printf_example.o" -o "src/xadcps_polled_printf_example.o" "../src/xadcps_polled_printf_example.c"
../src/xadcps_polled_printf_example.c: In function 'XAdcPolledPrintfExample':
../src/xadcps_polled_printf_example.c:106:3: warning: implicit declaration of function 'usleep'; did you mean 'fseek'? [-Wimplicit-function-declaration]
   usleep(MS_100);
   ^~~~~~
   fseek
At top level:
../src/xadcps_polled_printf_example.c:212:5: warning: 'XAdcFractionToInt' defined but not used [-Wunused-function]
 int XAdcFractionToInt(float FloatNum)
     ^~~~~~~~~~~~~~~~~
Finished building: ../src/xadcps_polled_printf_example.c
 
Building target: helloworld_bsp_xadcps_polled_printf_example_1.elf
Invoking: ARM v7 gcc linker
arm-none-eabi-gcc -mcpu=cortex-a9 -mfpu=vfpv3 -mfloat-abi=hard -Wl,-build-id=none -specs=Xilinx.spec -Wl,-T -Wl,../src/lscript.ld -L../../helloworld_bsp/ps7_cortexa9_0/lib -o "helloworld_bsp_xadcps_polled_printf_example_1.elf"  ./src/xadcps_polled_printf_example.o   -Wl,--start-group,-lxil,-lgcc,-lc,--end-group
Finished building target: helloworld_bsp_xadcps_polled_printf_example_1.elf
 
Invoking: ARM v7 Print Size
arm-none-eabi-size helloworld_bsp_xadcps_polled_printf_example_1.elf  |tee "helloworld_bsp_xadcps_polled_printf_example_1.elf.size"
   text	   data	    bss	    dec	    hex	filename
  30440	   1160	  22600	  54200	   d3b8	helloworld_bsp_xadcps_polled_printf_example_1.elf
Finished building: helloworld_bsp_xadcps_polled_printf_example_1.elf.size
 
16:05:50 **** Incremental Build of configuration Debug for project helloworld_bsp_xadcps_polled_printf_example_1 ****
make pre-build main-build 
a9-linaro-pre-build-step
 
make: Nothing to be done for 'main-build'.
16:07:03 **** Auto Build of configuration Debug for project helloworld_bsp_xadcps_polled_printf_example_1 ****
make pre-build main-build 
a9-linaro-pre-build-step
 
Building file: ../src/xadcps_polled_printf_example.c
Invoking: ARM v7 gcc compiler
arm-none-eabi-gcc -Wall -O0 -g3 -c -fmessage-length=0 -MT"src/xadcps_polled_printf_example.o" -mcpu=cortex-a9 -mfpu=vfpv3 -mfloat-abi=hard -I../../helloworld_bsp/ps7_cortexa9_0/include -MMD -MP -MF"src/xadcps_polled_printf_example.d" -MT"src/xadcps_polled_printf_example.o" -o "src/xadcps_polled_printf_example.o" "../src/xadcps_polled_printf_example.c"
../src/xadcps_polled_printf_example.c: In function 'XAdcPolledPrintfExample':
../src/xadcps_polled_printf_example.c:106:3: warning: implicit declaration of function 'usleep'; did you mean 'fseek'? [-Wimplicit-function-declaration]
   usleep(MS_100);
   ^~~~~~
   fseek
At top level:
../src/xadcps_polled_printf_example.c:212:5: warning: 'XAdcFractionToInt' defined but not used [-Wunused-function]
 int XAdcFractionToInt(float FloatNum)
     ^~~~~~~~~~~~~~~~~
Finished building: ../src/xadcps_polled_printf_example.c
 
Building target: helloworld_bsp_xadcps_polled_printf_example_1.elf
Invoking: ARM v7 gcc linker
arm-none-eabi-gcc -mcpu=cortex-a9 -mfpu=vfpv3 -mfloat-abi=hard -Wl,-build-id=none -specs=Xilinx.spec -Wl,-T -Wl,../src/lscript.ld -L../../helloworld_bsp/ps7_cortexa9_0/lib -o "helloworld_bsp_xadcps_polled_printf_example_1.elf"  ./src/xadcps_polled_printf_example.o   -Wl,--start-group,-lxil,-lgcc,-lc,--end-group
Finished building target: helloworld_bsp_xadcps_polled_printf_example_1.elf
 
Invoking: ARM v7 Print Size
arm-none-eabi-size helloworld_bsp_xadcps_polled_printf_example_1.elf  |tee "helloworld_bsp_xadcps_polled_printf_example_1.elf.size"
   text	   data	    bss	    dec	    hex	filename
  30440	   1160	  22600	  54200	   d3b8	helloworld_bsp_xadcps_polled_printf_example_1.elf
Finished building: helloworld_bsp_xadcps_polled_printf_example_1.elf.size
 
16:07:16 **** Auto Build of configuration Debug for project helloworld_bsp_xadcps_polled_printf_example_1 ****
make pre-build main-build 
a9-linaro-pre-build-step
 
Building file: ../src/xadcps_polled_printf_example.c
Invoking: ARM v7 gcc compiler
arm-none-eabi-gcc -Wall -O0 -g3 -c -fmessage-length=0 -MT"src/xadcps_polled_printf_example.o" -mcpu=cortex-a9 -mfpu=vfpv3 -mfloat-abi=hard -I../../helloworld_bsp/ps7_cortexa9_0/include -MMD -MP -MF"src/xadcps_polled_printf_example.d" -MT"src/xadcps_polled_printf_example.o" -o "src/xadcps_polled_printf_example.o" "../src/xadcps_polled_printf_example.c"
../src/xadcps_polled_printf_example.c: In function 'XAdcPolledPrintfExample':
../src/xadcps_polled_printf_example.c:106:3: warning: implicit declaration of function 'usleep'; did you mean 'fseek'? [-Wimplicit-function-declaration]
   usleep(MS_100);
   ^~~~~~
   fseek
At top level:
../src/xadcps_polled_printf_example.c:212:5: warning: 'XAdcFractionToInt' defined but not used [-Wunused-function]
 int XAdcFractionToInt(float FloatNum)
     ^~~~~~~~~~~~~~~~~
Finished building: ../src/xadcps_polled_printf_example.c
 
Building target: helloworld_bsp_xadcps_polled_printf_example_1.elf
Invoking: ARM v7 gcc linker
arm-none-eabi-gcc -mcpu=cortex-a9 -mfpu=vfpv3 -mfloat-abi=hard -Wl,-build-id=none -specs=Xilinx.spec -Wl,-T -Wl,../src/lscript.ld -L../../helloworld_bsp/ps7_cortexa9_0/lib -o "helloworld_bsp_xadcps_polled_printf_example_1.elf"  ./src/xadcps_polled_printf_example.o   -Wl,--start-group,-lxil,-lgcc,-lc,--end-group
Finished building target: helloworld_bsp_xadcps_polled_printf_example_1.elf
 
Invoking: ARM v7 Print Size
arm-none-eabi-size helloworld_bsp_xadcps_polled_printf_example_1.elf  |tee "helloworld_bsp_xadcps_polled_printf_example_1.elf.size"
   text	   data	    bss	    dec	    hex	filename
  30376	   1160	  22600	  54136	   d378	helloworld_bsp_xadcps_polled_printf_example_1.elf
Finished building: helloworld_bsp_xadcps_polled_printf_example_1.elf.size
 
16:07:17 **** Incremental Build of configuration Debug for project helloworld_bsp_xadcps_polled_printf_example_1 ****
make pre-build main-build 
a9-linaro-pre-build-step
 
make: Nothing to be done for 'main-build'.
16:08:26 **** Incremental Build of configuration Debug for project helloworld ****
make pre-build main-build 
a9-linaro-pre-build-step
 
make: Nothing to be done for 'main-build'.
16:08:27 **** Incremental Build of configuration Debug for project helloworld_bsp_xadcps_polled_printf_example_1 ****
make pre-build main-build 
a9-linaro-pre-build-step
 
make: Nothing to be done for 'main-build'.
16:09:04 **** Auto Build of configuration Debug for project helloworld_bsp_xadcps_polled_printf_example_1 ****
make pre-build main-build 
a9-linaro-pre-build-step
 
Building file: ../src/xadcps_polled_printf_example.c
Invoking: ARM v7 gcc compiler
arm-none-eabi-gcc -Wall -O0 -g3 -c -fmessage-length=0 -MT"src/xadcps_polled_printf_example.o" -mcpu=cortex-a9 -mfpu=vfpv3 -mfloat-abi=hard -I../../helloworld_bsp/ps7_cortexa9_0/include -MMD -MP -MF"src/xadcps_polled_printf_example.d" -MT"src/xadcps_polled_printf_example.o" -o "src/xadcps_polled_printf_example.o" "../src/xadcps_polled_printf_example.c"
../src/xadcps_polled_printf_example.c: In function 'XAdcPolledPrintfExample':
../src/xadcps_polled_printf_example.c:106:3: warning: implicit declaration of function 'usleep'; did you mean 'fseek'? [-Wimplicit-function-declaration]
   usleep(MS_100);
   ^~~~~~
   fseek
At top level:
../src/xadcps_polled_printf_example.c:212:5: warning: 'XAdcFractionToInt' defined but not used [-Wunused-function]
 int XAdcFractionToInt(float FloatNum)
     ^~~~~~~~~~~~~~~~~
Finished building: ../src/xadcps_polled_printf_example.c
 
Building target: helloworld_bsp_xadcps_polled_printf_example_1.elf
Invoking: ARM v7 gcc linker
arm-none-eabi-gcc -mcpu=cortex-a9 -mfpu=vfpv3 -mfloat-abi=hard -Wl,-build-id=none -specs=Xilinx.spec -Wl,-T -Wl,../src/lscript.ld -L../../helloworld_bsp/ps7_cortexa9_0/lib -o "helloworld_bsp_xadcps_polled_printf_example_1.elf"  ./src/xadcps_polled_printf_example.o   -Wl,--start-group,-lxil,-lgcc,-lc,--end-group
Finished building target: helloworld_bsp_xadcps_polled_printf_example_1.elf
 
Invoking: ARM v7 Print Size
arm-none-eabi-size helloworld_bsp_xadcps_polled_printf_example_1.elf  |tee "helloworld_bsp_xadcps_polled_printf_example_1.elf.size"
   text	   data	    bss	    dec	    hex	filename
  30376	   1160	  22600	  54136	   d378	helloworld_bsp_xadcps_polled_printf_example_1.elf
Finished building: helloworld_bsp_xadcps_polled_printf_example_1.elf.size
 
16:09:13 **** Auto Build of configuration Debug for project helloworld_bsp_xadcps_polled_printf_example_1 ****
make pre-build main-build 
a9-linaro-pre-build-step
 
Building file: ../src/xadcps_polled_printf_example.c
Invoking: ARM v7 gcc compiler
arm-none-eabi-gcc -Wall -O0 -g3 -c -fmessage-length=0 -MT"src/xadcps_polled_printf_example.o" -mcpu=cortex-a9 -mfpu=vfpv3 -mfloat-abi=hard -I../../helloworld_bsp/ps7_cortexa9_0/include -MMD -MP -MF"src/xadcps_polled_printf_example.d" -MT"src/xadcps_polled_printf_example.o" -o "src/xadcps_polled_printf_example.o" "../src/xadcps_polled_printf_example.c"
../src/xadcps_polled_printf_example.c: In function 'XAdcPolledPrintfExample':
../src/xadcps_polled_printf_example.c:106:3: warning: implicit declaration of function 'usleep'; did you mean 'fseek'? [-Wimplicit-function-declaration]
   usleep(MS_100);
   ^~~~~~
   fseek
At top level:
../src/xadcps_polled_printf_example.c:212:5: warning: 'XAdcFractionToInt' defined but not used [-Wunused-function]
 int XAdcFractionToInt(float FloatNum)
     ^~~~~~~~~~~~~~~~~
Finished building: ../src/xadcps_polled_printf_example.c
 
Building target: helloworld_bsp_xadcps_polled_printf_example_1.elf
Invoking: ARM v7 gcc linker
arm-none-eabi-gcc -mcpu=cortex-a9 -mfpu=vfpv3 -mfloat-abi=hard -Wl,-build-id=none -specs=Xilinx.spec -Wl,-T -Wl,../src/lscript.ld -L../../helloworld_bsp/ps7_cortexa9_0/lib -o "helloworld_bsp_xadcps_polled_printf_example_1.elf"  ./src/xadcps_polled_printf_example.o   -Wl,--start-group,-lxil,-lgcc,-lc,--end-group
Finished building target: helloworld_bsp_xadcps_polled_printf_example_1.elf
 
Invoking: ARM v7 Print Size
arm-none-eabi-size helloworld_bsp_xadcps_polled_printf_example_1.elf  |tee "helloworld_bsp_xadcps_polled_printf_example_1.elf.size"
   text	   data	    bss	    dec	    hex	filename
  30376	   1160	  22600	  54136	   d378	helloworld_bsp_xadcps_polled_printf_example_1.elf
Finished building: helloworld_bsp_xadcps_polled_printf_example_1.elf.size
 
16:09:23 **** Auto Build of configuration Debug for project helloworld_bsp_xadcps_polled_printf_example_1 ****
make pre-build main-build 
a9-linaro-pre-build-step
 
Building file: ../src/xadcps_polled_printf_example.c
Invoking: ARM v7 gcc compiler
arm-none-eabi-gcc -Wall -O0 -g3 -c -fmessage-length=0 -MT"src/xadcps_polled_printf_example.o" -mcpu=cortex-a9 -mfpu=vfpv3 -mfloat-abi=hard -I../../helloworld_bsp/ps7_cortexa9_0/include -MMD -MP -MF"src/xadcps_polled_printf_example.d" -MT"src/xadcps_polled_printf_example.o" -o "src/xadcps_polled_printf_example.o" "../src/xadcps_polled_printf_example.c"
../src/xadcps_polled_printf_example.c: In function 'XAdcPolledPrintfExample':
../src/xadcps_polled_printf_example.c:106:3: warning: implicit declaration of function 'usleep'; did you mean 'fseek'? [-Wimplicit-function-declaration]
   usleep(MS_100);
   ^~~~~~
   fseek
At top level:
../src/xadcps_polled_printf_example.c:212:5: warning: 'XAdcFractionToInt' defined but not used [-Wunused-function]
 int XAdcFractionToInt(float FloatNum)
     ^~~~~~~~~~~~~~~~~
Finished building: ../src/xadcps_polled_printf_example.c
 
Building target: helloworld_bsp_xadcps_polled_printf_example_1.elf
Invoking: ARM v7 gcc linker
arm-none-eabi-gcc -mcpu=cortex-a9 -mfpu=vfpv3 -mfloat-abi=hard -Wl,-build-id=none -specs=Xilinx.spec -Wl,-T -Wl,../src/lscript.ld -L../../helloworld_bsp/ps7_cortexa9_0/lib -o "helloworld_bsp_xadcps_polled_printf_example_1.elf"  ./src/xadcps_polled_printf_example.o   -Wl,--start-group,-lxil,-lgcc,-lc,--end-group
Finished building target: helloworld_bsp_xadcps_polled_printf_example_1.elf
 
Invoking: ARM v7 Print Size
arm-none-eabi-size helloworld_bsp_xadcps_polled_printf_example_1.elf  |tee "helloworld_bsp_xadcps_polled_printf_example_1.elf.size"
   text	   data	    bss	    dec	    hex	filename
  30376	   1160	  22600	  54136	   d378	helloworld_bsp_xadcps_polled_printf_example_1.elf
Finished building: helloworld_bsp_xadcps_polled_printf_example_1.elf.size
 
16:09:24 **** Incremental Build of configuration Debug for project helloworld_bsp_xadcps_polled_printf_example_1 ****
make pre-build main-build 
a9-linaro-pre-build-step
 
make: Nothing to be done for 'main-build'.
16:11:55 **** Auto Build of configuration Debug for project helloworld_bsp_xadcps_polled_printf_example_1 ****
make pre-build main-build 
a9-linaro-pre-build-step
 
Building file: ../src/xadcps_polled_printf_example.c
Invoking: ARM v7 gcc compiler
arm-none-eabi-gcc -Wall -O0 -g3 -c -fmessage-length=0 -MT"src/xadcps_polled_printf_example.o" -mcpu=cortex-a9 -mfpu=vfpv3 -mfloat-abi=hard -I../../helloworld_bsp/ps7_cortexa9_0/include -MMD -MP -MF"src/xadcps_polled_printf_example.d" -MT"src/xadcps_polled_printf_example.o" -o "src/xadcps_polled_printf_example.o" "../src/xadcps_polled_printf_example.c"
../src/xadcps_polled_printf_example.c: In function 'XAdcPolledPrintfExample':
../src/xadcps_polled_printf_example.c:106:3: warning: implicit declaration of function 'usleep'; did you mean 'fseek'? [-Wimplicit-function-declaration]
   usleep(MS_100);
   ^~~~~~
   fseek
At top level:
../src/xadcps_polled_printf_example.c:214:5: warning: 'XAdcFractionToInt' defined but not used [-Wunused-function]
 int XAdcFractionToInt(float FloatNum)
     ^~~~~~~~~~~~~~~~~
Finished building: ../src/xadcps_polled_printf_example.c
 
Building target: helloworld_bsp_xadcps_polled_printf_example_1.elf
Invoking: ARM v7 gcc linker
arm-none-eabi-gcc -mcpu=cortex-a9 -mfpu=vfpv3 -mfloat-abi=hard -Wl,-build-id=none -specs=Xilinx.spec -Wl,-T -Wl,../src/lscript.ld -L../../helloworld_bsp/ps7_cortexa9_0/lib -o "helloworld_bsp_xadcps_polled_printf_example_1.elf"  ./src/xadcps_polled_printf_example.o   -Wl,--start-group,-lxil,-lgcc,-lc,--end-group
Finished building target: helloworld_bsp_xadcps_polled_printf_example_1.elf
 
Invoking: ARM v7 Print Size
arm-none-eabi-size helloworld_bsp_xadcps_polled_printf_example_1.elf  |tee "helloworld_bsp_xadcps_polled_printf_example_1.elf.size"
   text	   data	    bss	    dec	    hex	filename
  30376	   1160	  22600	  54136	   d378	helloworld_bsp_xadcps_polled_printf_example_1.elf
Finished building: helloworld_bsp_xadcps_polled_printf_example_1.elf.size
 
16:12:05 **** Incremental Build of configuration Debug for project helloworld_bsp_xadcps_polled_printf_example_1 ****
make pre-build main-build 
a9-linaro-pre-build-step
 
make: Nothing to be done for 'main-build'.
16:12:45 **** Auto Build of configuration Debug for project helloworld_bsp_xadcps_polled_printf_example_1 ****
make pre-build main-build 
a9-linaro-pre-build-step
 
Building file: ../src/xadcps_polled_printf_example.c
Invoking: ARM v7 gcc compiler
arm-none-eabi-gcc -Wall -O0 -g3 -c -fmessage-length=0 -MT"src/xadcps_polled_printf_example.o" -mcpu=cortex-a9 -mfpu=vfpv3 -mfloat-abi=hard -I../../helloworld_bsp/ps7_cortexa9_0/include -MMD -MP -MF"src/xadcps_polled_printf_example.d" -MT"src/xadcps_polled_printf_example.o" -o "src/xadcps_polled_printf_example.o" "../src/xadcps_polled_printf_example.c"
../src/xadcps_polled_printf_example.c: In function 'XAdcPolledPrintfExample':
../src/xadcps_polled_printf_example.c:106:3: warning: implicit declaration of function 'usleep'; did you mean 'fseek'? [-Wimplicit-function-declaration]
   usleep(MS_100);
   ^~~~~~
   fseek
At top level:
../src/xadcps_polled_printf_example.c:214:5: warning: 'XAdcFractionToInt' defined but not used [-Wunused-function]
 int XAdcFractionToInt(float FloatNum)
     ^~~~~~~~~~~~~~~~~
Finished building: ../src/xadcps_polled_printf_example.c
 
Building target: helloworld_bsp_xadcps_polled_printf_example_1.elf
Invoking: ARM v7 gcc linker
arm-none-eabi-gcc -mcpu=cortex-a9 -mfpu=vfpv3 -mfloat-abi=hard -Wl,-build-id=none -specs=Xilinx.spec -Wl,-T -Wl,../src/lscript.ld -L../../helloworld_bsp/ps7_cortexa9_0/lib -o "helloworld_bsp_xadcps_polled_printf_example_1.elf"  ./src/xadcps_polled_printf_example.o   -Wl,--start-group,-lxil,-lgcc,-lc,--end-group
Finished building target: helloworld_bsp_xadcps_polled_printf_example_1.elf
 
Invoking: ARM v7 Print Size
arm-none-eabi-size helloworld_bsp_xadcps_polled_printf_example_1.elf  |tee "helloworld_bsp_xadcps_polled_printf_example_1.elf.size"
   text	   data	    bss	    dec	    hex	filename
  30376	   1160	  22600	  54136	   d378	helloworld_bsp_xadcps_polled_printf_example_1.elf
Finished building: helloworld_bsp_xadcps_polled_printf_example_1.elf.size
 
16:13:15 **** Auto Build of configuration Debug for project helloworld_bsp_xadcps_polled_printf_example_1 ****
make pre-build main-build 
a9-linaro-pre-build-step
 
Building file: ../src/xadcps_polled_printf_example.c
Invoking: ARM v7 gcc compiler
arm-none-eabi-gcc -Wall -O0 -g3 -c -fmessage-length=0 -MT"src/xadcps_polled_printf_example.o" -mcpu=cortex-a9 -mfpu=vfpv3 -mfloat-abi=hard -I../../helloworld_bsp/ps7_cortexa9_0/include -MMD -MP -MF"src/xadcps_polled_printf_example.d" -MT"src/xadcps_polled_printf_example.o" -o "src/xadcps_polled_printf_example.o" "../src/xadcps_polled_printf_example.c"
../src/xadcps_polled_printf_example.c: In function 'XAdcPolledPrintfExample':
../src/xadcps_polled_printf_example.c:106:3: warning: implicit declaration of function 'usleep'; did you mean 'fseek'? [-Wimplicit-function-declaration]
   usleep(MS_100);
   ^~~~~~
   fseek
At top level:
../src/xadcps_polled_printf_example.c:214:5: warning: 'XAdcFractionToInt' defined but not used [-Wunused-function]
 int XAdcFractionToInt(float FloatNum)
     ^~~~~~~~~~~~~~~~~
Finished building: ../src/xadcps_polled_printf_example.c
 
Building target: helloworld_bsp_xadcps_polled_printf_example_1.elf
Invoking: ARM v7 gcc linker
arm-none-eabi-gcc -mcpu=cortex-a9 -mfpu=vfpv3 -mfloat-abi=hard -Wl,-build-id=none -specs=Xilinx.spec -Wl,-T -Wl,../src/lscript.ld -L../../helloworld_bsp/ps7_cortexa9_0/lib -o "helloworld_bsp_xadcps_polled_printf_example_1.elf"  ./src/xadcps_polled_printf_example.o   -Wl,--start-group,-lxil,-lgcc,-lc,--end-group
[...]
Running Make include in ps7_cortexa9_0/libsrc/qspips_v3_4/src
make -C ps7_cortexa9_0/libsrc/qspips_v3_4/src -s include  "SHELL=/bin/sh" "COMPILER=arm-none-eabi-gcc" "ARCHIVER=arm-none-eabi-ar" "COMPILER_FLAGS=  -O2 -c" "EXTRA_COMPILER_FLAGS=-mcpu=cortex-a9 -mfpu=vfpv3 -mfloat-abi=hard -nostartfiles -g -Wall -Wextra"
Running Make include in ps7_cortexa9_0/libsrc/standalone_v6_7/src
make -C ps7_cortexa9_0/libsrc/standalone_v6_7/src -s include  "SHELL=/bin/sh" "COMPILER=arm-none-eabi-gcc" "ARCHIVER=arm-none-eabi-ar" "COMPILER_FLAGS=  -O2 -c" "EXTRA_COMPILER_FLAGS=-mcpu=cortex-a9 -mfpu=vfpv3 -mfloat-abi=hard -nostartfiles -g -Wall -Wextra"
Running Make include in ps7_cortexa9_0/libsrc/gpiops_v3_3/src
make -C ps7_cortexa9_0/libsrc/gpiops_v3_3/src -s include  "SHELL=/bin/sh" "COMPILER=arm-none-eabi-gcc" "ARCHIVER=arm-none-eabi-ar" "COMPILER_FLAGS=  -O2 -c" "EXTRA_COMPILER_FLAGS=-mcpu=cortex-a9 -mfpu=vfpv3 -mfloat-abi=hard -nostartfiles -g -Wall -Wextra"
Running Make include in ps7_cortexa9_0/libsrc/cpu_cortexa9_v2_6/src
make -C ps7_cortexa9_0/libsrc/cpu_cortexa9_v2_6/src -s include  "SHELL=/bin/sh" "COMPILER=arm-none-eabi-gcc" "ARCHIVER=arm-none-eabi-ar" "COMPILER_FLAGS=  -O2 -c" "EXTRA_COMPILER_FLAGS=-mcpu=cortex-a9 -mfpu=vfpv3 -mfloat-abi=hard -nostartfiles -g -Wall -Wextra"
Running Make include in ps7_cortexa9_0/libsrc/emacps_v3_7/src
make -C ps7_cortexa9_0/libsrc/emacps_v3_7/src -s include  "SHELL=/bin/sh" "COMPILER=arm-none-eabi-gcc" "ARCHIVER=arm-none-eabi-ar" "COMPILER_FLAGS=  -O2 -c" "EXTRA_COMPILER_FLAGS=-mcpu=cortex-a9 -mfpu=vfpv3 -mfloat-abi=hard -nostartfiles -g -Wall -Wextra"
Running Make include in ps7_cortexa9_0/libsrc/scugic_v3_9/src
make -C ps7_cortexa9_0/libsrc/scugic_v3_9/src -s include  "SHELL=/bin/sh" "COMPILER=arm-none-eabi-gcc" "ARCHIVER=arm-none-eabi-ar" "COMPILER_FLAGS=  -O2 -c" "EXTRA_COMPILER_FLAGS=-mcpu=cortex-a9 -mfpu=vfpv3 -mfloat-abi=hard -nostartfiles -g -Wall -Wextra"
Running Make include in ps7_cortexa9_0/libsrc/uartps_v3_6/src
make -C ps7_cortexa9_0/libsrc/uartps_v3_6/src -s include  "SHELL=/bin/sh" "COMPILER=arm-none-eabi-gcc" "ARCHIVER=arm-none-eabi-ar" "COMPILER_FLAGS=  -O2 -c" "EXTRA_COMPILER_FLAGS=-mcpu=cortex-a9 -mfpu=vfpv3 -mfloat-abi=hard -nostartfiles -g -Wall -Wextra"
Running Make include in ps7_cortexa9_0/libsrc/xadcps_v2_2/src
make -C ps7_cortexa9_0/libsrc/xadcps_v2_2/src -s include  "SHELL=/bin/sh" "COMPILER=arm-none-eabi-gcc" "ARCHIVER=arm-none-eabi-ar" "COMPILER_FLAGS=  -O2 -c" "EXTRA_COMPILER_FLAGS=-mcpu=cortex-a9 -mfpu=vfpv3 -mfloat-abi=hard -nostartfiles -g -Wall -Wextra"
Running Make include in ps7_cortexa9_0/libsrc/devcfg_v3_5/src
make -C ps7_cortexa9_0/libsrc/devcfg_v3_5/src -s include  "SHELL=/bin/sh" "COMPILER=arm-none-eabi-gcc" "ARCHIVER=arm-none-eabi-ar" "COMPILER_FLAGS=  -O2 -c" "EXTRA_COMPILER_FLAGS=-mcpu=cortex-a9 -mfpu=vfpv3 -mfloat-abi=hard -nostartfiles -g -Wall -Wextra"
Running Make include in ps7_cortexa9_0/libsrc/scuwdt_v2_1/src
make -C ps7_cortexa9_0/libsrc/scuwdt_v2_1/src -s include  "SHELL=/bin/sh" "COMPILER=arm-none-eabi-gcc" "ARCHIVER=arm-none-eabi-ar" "COMPILER_FLAGS=  -O2 -c" "EXTRA_COMPILER_FLAGS=-mcpu=cortex-a9 -mfpu=vfpv3 -mfloat-abi=hard -nostartfiles -g -Wall -Wextra"
Running Make include in ps7_cortexa9_0/libsrc/sysmon_v7_4/src
make -C ps7_cortexa9_0/libsrc/sysmon_v7_4/src -s include  "SHELL=/bin/sh" "COMPILER=arm-none-eabi-gcc" "ARCHIVER=arm-none-eabi-ar" "COMPILER_FLAGS=  -O2 -c" "EXTRA_COMPILER_FLAGS=-mcpu=cortex-a9 -mfpu=vfpv3 -mfloat-abi=hard -nostartfiles -g -Wall -Wextra"
Running Make include in ps7_cortexa9_0/libsrc/ttcps_v3_6/src
make -C ps7_cortexa9_0/libsrc/ttcps_v3_6/src -s include  "SHELL=/bin/sh" "COMPILER=arm-none-eabi-gcc" "ARCHIVER=arm-none-eabi-ar" "COMPILER_FLAGS=  -O2 -c" "EXTRA_COMPILER_FLAGS=-mcpu=cortex-a9 -mfpu=vfpv3 -mfloat-abi=hard -nostartfiles -g -Wall -Wextra"
Running Make include in ps7_cortexa9_0/libsrc/sdps_v3_5/src
make -C ps7_cortexa9_0/libsrc/sdps_v3_5/src -s include  "SHELL=/bin/sh" "COMPILER=arm-none-eabi-gcc" "ARCHIVER=arm-none-eabi-ar" "COMPILER_FLAGS=  -O2 -c" "EXTRA_COMPILER_FLAGS=-mcpu=cortex-a9 -mfpu=vfpv3 -mfloat-abi=hard -nostartfiles -g -Wall -Wextra"
Running Make include in ps7_cortexa9_0/libsrc/usbps_v2_4/src
make -C ps7_cortexa9_0/libsrc/usbps_v2_4/src -s include  "SHELL=/bin/sh" "COMPILER=arm-none-eabi-gcc" "ARCHIVER=arm-none-eabi-ar" "COMPILER_FLAGS=  -O2 -c" "EXTRA_COMPILER_FLAGS=-mcpu=cortex-a9 -mfpu=vfpv3 -mfloat-abi=hard -nostartfiles -g -Wall -Wextra"
Running Make include in ps7_cortexa9_0/libsrc/coresightps_dcc_v1_4/src
make -C ps7_cortexa9_0/libsrc/coresightps_dcc_v1_4/src -s include  "SHELL=/bin/sh" "COMPILER=arm-none-eabi-gcc" "ARCHIVER=arm-none-eabi-ar" "COMPILER_FLAGS=  -O2 -c" "EXTRA_COMPILER_FLAGS=-mcpu=cortex-a9 -mfpu=vfpv3 -mfloat-abi=hard -nostartfiles -g -Wall -Wextra"
Running Make include in ps7_cortexa9_0/libsrc/scutimer_v2_1/src
make -C ps7_cortexa9_0/libsrc/scutimer_v2_1/src -s include  "SHELL=/bin/sh" "COMPILER=arm-none-eabi-gcc" "ARCHIVER=arm-none-eabi-ar" "COMPILER_FLAGS=  -O2 -c" "EXTRA_COMPILER_FLAGS=-mcpu=cortex-a9 -mfpu=vfpv3 -mfloat-abi=hard -nostartfiles -g -Wall -Wextra"
Running Make libs in ps7_cortexa9_0/libsrc/dmaps_v2_3/src
make -C ps7_cortexa9_0/libsrc/dmaps_v2_3/src -s libs  "SHELL=/bin/sh" "COMPILER=arm-none-eabi-gcc" "ARCHIVER=arm-none-eabi-ar" "COMPILER_FLAGS=  -O2 -c" "EXTRA_COMPILER_FLAGS=-mcpu=cortex-a9 -mfpu=vfpv3 -mfloat-abi=hard -nostartfiles -g -Wall -Wextra"
Compiling dmaps
arm-none-eabi-ar: creating ../../../lib/libxil.a
Running Make libs in ps7_cortexa9_0/libsrc/ddrps_v1_0/src
make -C ps7_cortexa9_0/libsrc/ddrps_v1_0/src -s libs  "SHELL=/bin/sh" "COMPILER=arm-none-eabi-gcc" "ARCHIVER=arm-none-eabi-ar" "COMPILER_FLAGS=  -O2 -c" "EXTRA_COMPILER_FLAGS=-mcpu=cortex-a9 -mfpu=vfpv3 -mfloat-abi=hard -nostartfiles -g -Wall -Wextra"
Compiling ddrps
Running Make libs in ps7_cortexa9_0/libsrc/qspips_v3_4/src
make -C ps7_cortexa9_0/libsrc/qspips_v3_4/src -s libs  "SHELL=/bin/sh" "COMPILER=arm-none-eabi-gcc" "ARCHIVER=arm-none-eabi-ar" "COMPILER_FLAGS=  -O2 -c" "EXTRA_COMPILER_FLAGS=-mcpu=cortex-a9 -mfpu=vfpv3 -mfloat-abi=hard -nostartfiles -g -Wall -Wextra"
Compiling qspips
Running Make libs in ps7_cortexa9_0/libsrc/standalone_v6_7/src
make -C ps7_cortexa9_0/libsrc/standalone_v6_7/src -s libs  "SHELL=/bin/sh" "COMPILER=arm-none-eabi-gcc" "ARCHIVER=arm-none-eabi-ar" "COMPILER_FLAGS=  -O2 -c" "EXTRA_COMPILER_FLAGS=-mcpu=cortex-a9 -mfpu=vfpv3 -mfloat-abi=hard -nostartfiles -g -Wall -Wextra"
Compiling standalone
In file included from sleep.c:57:0:
xtime_l.h:89:9: note: #pragma message: For the sleep routines, Global timer is being used
 #pragma message ("For the sleep routines, Global timer is being used")
         ^~~~~~~
In file included from xtime_l.c:53:0:
xtime_l.h:89:9: note: #pragma message: For the sleep routines, Global timer is being used
 #pragma message ("For the sleep routines, Global timer is being used")
         ^~~~~~~
In file included from xil_sleeptimer.c:55:0:
xtime_l.h:89:9: note: #pragma message: For the sleep routines, Global timer is being used
 #pragma message ("For the sleep routines, Global timer is being used")
         ^~~~~~~
In file included from usleep.c:60:0:
xtime_l.h:89:9: note: #pragma message: For the sleep routines, Global timer is being used
 #pragma message ("For the sleep routines, Global timer is being used")
         ^~~~~~~
Running Make libs in ps7_cortexa9_0/libsrc/gpiops_v3_3/src
make -C ps7_cortexa9_0/libsrc/gpiops_v3_3/src -s libs  "SHELL=/bin/sh" "COMPILER=arm-none-eabi-gcc" "ARCHIVER=arm-none-eabi-ar" "COMPILER_FLAGS=  -O2 -c" "EXTRA_COMPILER_FLAGS=-mcpu=cortex-a9 -mfpu=vfpv3 -mfloat-abi=hard -nostartfiles -g -Wall -Wextra"
Compiling gpiops
Running Make libs in ps7_cortexa9_0/libsrc/cpu_cortexa9_v2_6/src
make -C ps7_cortexa9_0/libsrc/cpu_cortexa9_v2_6/src -s libs  "SHELL=/bin/sh" "COMPILER=arm-none-eabi-gcc" "ARCHIVER=arm-none-eabi-ar" "COMPILER_FLAGS=  -O2 -c" "EXTRA_COMPILER_FLAGS=-mcpu=cortex-a9 -mfpu=vfpv3 -mfloat-abi=hard -nostartfiles -g -Wall -Wextra"
Compiling cpu_cortexa9
Running Make libs in ps7_cortexa9_0/libsrc/emacps_v3_7/src
make -C ps7_cortexa9_0/libsrc/emacps_v3_7/src -s libs  "SHELL=/bin/sh" "COMPILER=arm-none-eabi-gcc" "ARCHIVER=arm-none-eabi-ar" "COMPILER_FLAGS=  -O2 -c" "EXTRA_COMPILER_FLAGS=-mcpu=cortex-a9 -mfpu=vfpv3 -mfloat-abi=hard -nostartfiles -g -Wall -Wextra"
Compiling emacps
Running Make libs in ps7_cortexa9_0/libsrc/scugic_v3_9/src
make -C ps7_cortexa9_0/libsrc/scugic_v3_9/src -s libs  "SHELL=/bin/sh" "COMPILER=arm-none-eabi-gcc" "ARCHIVER=arm-none-eabi-ar" "COMPILER_FLAGS=  -O2 -c" "EXTRA_COMPILER_FLAGS=-mcpu=cortex-a9 -mfpu=vfpv3 -mfloat-abi=hard -nostartfiles -g -Wall -Wextra"
Compiling scugic
Running Make libs in ps7_cortexa9_0/libsrc/uartps_v3_6/src
make -C ps7_cortexa9_0/libsrc/uartps_v3_6/src -s libs  "SHELL=/bin/sh" "COMPILER=arm-none-eabi-gcc" "ARCHIVER=arm-none-eabi-ar" "COMPILER_FLAGS=  -O2 -c" "EXTRA_COMPILER_FLAGS=-mcpu=cortex-a9 -mfpu=vfpv3 -mfloat-abi=hard -nostartfiles -g -Wall -Wextra"
Compiling uartps
Running Make libs in ps7_cortexa9_0/libsrc/xadcps_v2_2/src
make -C ps7_cortexa9_0/libsrc/xadcps_v2_2/src -s libs  "SHELL=/bin/sh" "COMPILER=arm-none-eabi-gcc" "ARCHIVER=arm-none-eabi-ar" "COMPILER_FLAGS=  -O2 -c" "EXTRA_COMPILER_FLAGS=-mcpu=cortex-a9 -mfpu=vfpv3 -mfloat-abi=hard -nostartfiles -g -Wall -Wextra"
Compiling xadcps
Running Make libs in ps7_cortexa9_0/libsrc/devcfg_v3_5/src
make -C ps7_cortexa9_0/libsrc/devcfg_v3_5/src -s libs  "SHELL=/bin/sh" "COMPILER=arm-none-eabi-gcc" "ARCHIVER=arm-none-eabi-ar" "COMPILER_FLAGS=  -O2 -c" "EXTRA_COMPILER_FLAGS=-mcpu=cortex-a9 -mfpu=vfpv3 -mfloat-abi=hard -nostartfiles -g -Wall -Wextra"
Compiling devcfg
Running Make libs in ps7_cortexa9_0/libsrc/scuwdt_v2_1/src
make -C ps7_cortexa9_0/libsrc/scuwdt_v2_1/src -s libs  "SHELL=/bin/sh" "COMPILER=arm-none-eabi-gcc" "ARCHIVER=arm-none-eabi-ar" "COMPILER_FLAGS=  -O2 -c" "EXTRA_COMPILER_FLAGS=-mcpu=cortex-a9 -mfpu=vfpv3 -mfloat-abi=hard -nostartfiles -g -Wall -Wextra"
Compiling scuwdt
Running Make libs in ps7_cortexa9_0/libsrc/sysmon_v7_4/src
make -C ps7_cortexa9_0/libsrc/sysmon_v7_4/src -s libs  "SHELL=/bin/sh" "COMPILER=arm-none-eabi-gcc" "ARCHIVER=arm-none-eabi-ar" "COMPILER_FLAGS=  -O2 -c" "EXTRA_COMPILER_FLAGS=-mcpu=cortex-a9 -mfpu=vfpv3 -mfloat-abi=hard -nostartfiles -g -Wall -Wextra"
Compiling sysmon
Running Make libs in ps7_cortexa9_0/libsrc/ttcps_v3_6/src
make -C ps7_cortexa9_0/libsrc/ttcps_v3_6/src -s libs  "SHELL=/bin/sh" "COMPILER=arm-none-eabi-gcc" "ARCHIVER=arm-none-eabi-ar" "COMPILER_FLAGS=  -O2 -c" "EXTRA_COMPILER_FLAGS=-mcpu=cortex-a9 -mfpu=vfpv3 -mfloat-abi=hard -nostartfiles -g -Wall -Wextra"
Compiling ttcps
Running Make libs in ps7_cortexa9_0/libsrc/sdps_v3_5/src
make -C ps7_cortexa9_0/libsrc/sdps_v3_5/src -s libs  "SHELL=/bin/sh" "COMPILER=arm-none-eabi-gcc" "ARCHIVER=arm-none-eabi-ar" "COMPILER_FLAGS=  -O2 -c" "EXTRA_COMPILER_FLAGS=-mcpu=cortex-a9 -mfpu=vfpv3 -mfloat-abi=hard -nostartfiles -g -Wall -Wextra"
Compiling sdps
Running Make libs in ps7_cortexa9_0/libsrc/usbps_v2_4/src
make -C ps7_cortexa9_0/libsrc/usbps_v2_4/src -s libs  "SHELL=/bin/sh" "COMPILER=arm-none-eabi-gcc" "ARCHIVER=arm-none-eabi-ar" "COMPILER_FLAGS=  -O2 -c" "EXTRA_COMPILER_FLAGS=-mcpu=cortex-a9 -mfpu=vfpv3 -mfloat-abi=hard -nostartfiles -g -Wall -Wextra"
Compiling usbps
Running Make libs in ps7_cortexa9_0/libsrc/coresightps_dcc_v1_4/src
make -C ps7_cortexa9_0/libsrc/coresightps_dcc_v1_4/src -s libs  "SHELL=/bin/sh" "COMPILER=arm-none-eabi-gcc" "ARCHIVER=arm-none-eabi-ar" "COMPILER_FLAGS=  -O2 -c" "EXTRA_COMPILER_FLAGS=-mcpu=cortex-a9 -mfpu=vfpv3 -mfloat-abi=hard -nostartfiles -g -Wall -Wextra"
Compiling coresightps_dcc
Running Make libs in ps7_cortexa9_0/libsrc/scutimer_v2_1/src
make -C ps7_cortexa9_0/libsrc/scutimer_v2_1/src -s libs  "SHELL=/bin/sh" "COMPILER=arm-none-eabi-gcc" "ARCHIVER=arm-none-eabi-ar" "COMPILER_FLAGS=  -O2 -c" "EXTRA_COMPILER_FLAGS=-mcpu=cortex-a9 -mfpu=vfpv3 -mfloat-abi=hard -nostartfiles -g -Wall -Wextra"
Compiling scutimer
Finished building libraries
17:45:19 **** Auto Build of configuration Debug for project helloworld ****
make pre-build main-build 
a9-linaro-pre-build-step
 
Building file: ../src/helloworld.c
Invoking: ARM v7 gcc compiler
arm-none-eabi-gcc -Wall -O0 -g3 -c -fmessage-length=0 -MT"src/helloworld.o" -mcpu=cortex-a9 -mfpu=vfpv3 -mfloat-abi=hard -I../../helloworld_bsp/ps7_cortexa9_0/include -MMD -MP -MF"src/helloworld.d" -MT"src/helloworld.o" -o "src/helloworld.o" "../src/helloworld.c"
Finished building: ../src/helloworld.c
 
Building file: ../src/platform.c
Invoking: ARM v7 gcc compiler
arm-none-eabi-gcc -Wall -O0 -g3 -c -fmessage-length=0 -MT"src/platform.o" -mcpu=cortex-a9 -mfpu=vfpv3 -mfloat-abi=hard -I../../helloworld_bsp/ps7_cortexa9_0/include -MMD -MP -MF"src/platform.d" -MT"src/platform.o" -o "src/platform.o" "../src/platform.c"
Finished building: ../src/platform.c
 
Building target: helloworld.elf
Invoking: ARM v7 gcc linker
arm-none-eabi-gcc -mcpu=cortex-a9 -mfpu=vfpv3 -mfloat-abi=hard -Wl,-build-id=none -specs=Xilinx.spec -Wl,-T -Wl,../src/lscript.ld -L../../helloworld_bsp/ps7_cortexa9_0/lib -o "helloworld.elf"  ./src/helloworld.o ./src/platform.o   -Wl,--start-group,-lxil,-lgcc,-lc,--end-group
Finished building target: helloworld.elf
 
Invoking: ARM v7 Print Size
arm-none-eabi-size helloworld.elf  |tee "helloworld.elf.size"
   text	   data	    bss	    dec	    hex	filename
  19352	   1144	  22568	  43064	   a838	helloworld.elf
Finished building: helloworld.elf.size
 
17:45:19 **** Auto Build of configuration Debug for project helloworld_bsp_xadcps_polled_printf_example_1 ****
make pre-build main-build 
a9-linaro-pre-build-step
 
Building file: ../src/xadcps_polled_printf_example.c
Invoking: ARM v7 gcc compiler
arm-none-eabi-gcc -Wall -O0 -g3 -c -fmessage-length=0 -MT"src/xadcps_polled_printf_example.o" -mcpu=cortex-a9 -mfpu=vfpv3 -mfloat-abi=hard -I../../helloworld_bsp/ps7_cortexa9_0/include -MMD -MP -MF"src/xadcps_polled_printf_example.d" -MT"src/xadcps_polled_printf_example.o" -o "src/xadcps_polled_printf_example.o" "../src/xadcps_polled_printf_example.c"
../src/xadcps_polled_printf_example.c: In function 'XAdcPolledPrintfExample':
../src/xadcps_polled_printf_example.c:112:3: warning: implicit declaration of function 'usleep'; did you mean 'fseek'? [-Wimplicit-function-declaration]
   usleep(MS_100);
   ^~~~~~
   fseek
At top level:
../src/xadcps_polled_printf_example.c:220:5: warning: 'XAdcFractionToInt' defined but not used [-Wunused-function]
 int XAdcFractionToInt(float FloatNum)
     ^~~~~~~~~~~~~~~~~
Finished building: ../src/xadcps_polled_printf_example.c
 
Building target: helloworld_bsp_xadcps_polled_printf_example_1.elf
Invoking: ARM v7 gcc linker
arm-none-eabi-gcc -mcpu=cortex-a9 -mfpu=vfpv3 -mfloat-abi=hard -Wl,-build-id=none -specs=Xilinx.spec -Wl,-T -Wl,../src/lscript.ld -L../../helloworld_bsp/ps7_cortexa9_0/lib -o "helloworld_bsp_xadcps_polled_printf_example_1.elf"  ./src/xadcps_polled_printf_example.o   -Wl,--start-group,-lxil,-lgcc,-lc,--end-group
Finished building target: helloworld_bsp_xadcps_polled_printf_example_1.elf
 
Invoking: ARM v7 Print Size
arm-none-eabi-size helloworld_bsp_xadcps_polled_printf_example_1.elf  |tee "helloworld_bsp_xadcps_polled_printf_example_1.elf.size"
   text	   data	    bss	    dec	    hex	filename
  30608	   1160	  22600	  54368	   d460	helloworld_bsp_xadcps_polled_printf_example_1.elf
Finished building: helloworld_bsp_xadcps_polled_printf_example_1.elf.size
 
17:45:40 **** Auto Build of configuration Debug for project helloworld_bsp_xadcps_polled_printf_example_1 ****
make pre-build main-build 
a9-linaro-pre-build-step
 
Building file: ../src/xadcps_polled_printf_example.c
Invoking: ARM v7 gcc compiler
arm-none-eabi-gcc -Wall -O0 -g3 -c -fmessage-length=0 -MT"src/xadcps_polled_printf_example.o" -mcpu=cortex-a9 -mfpu=vfpv3 -mfloat-abi=hard -I../../helloworld_bsp/ps7_cortexa9_0/include -MMD -MP -MF"src/xadcps_polled_printf_example.d" -MT"src/xadcps_polled_printf_example.o" -o "src/xadcps_polled_printf_example.o" "../src/xadcps_polled_printf_example.c"
../src/xadcps_polled_printf_example.c:220:5: warning: 'XAdcFractionToInt' defined but not used [-Wunused-function]
 int XAdcFractionToInt(float FloatNum)
     ^~~~~~~~~~~~~~~~~
Finished building: ../src/xadcps_polled_printf_example.c
 
Building target: helloworld_bsp_xadcps_polled_printf_example_1.elf
Invoking: ARM v7 gcc linker
arm-none-eabi-gcc -mcpu=cortex-a9 -mfpu=vfpv3 -mfloat-abi=hard -Wl,-build-id=none -specs=Xilinx.spec -Wl,-T -Wl,../src/lscript.ld -L../../helloworld_bsp/ps7_cortexa9_0/lib -o "helloworld_bsp_xadcps_polled_printf_example_1.elf"  ./src/xadcps_polled_printf_example.o   -Wl,--start-group,-lxil,-lgcc,-lc,--end-group
Finished building target: helloworld_bsp_xadcps_polled_printf_example_1.elf
 
Invoking: ARM v7 Print Size
arm-none-eabi-size helloworld_bsp_xadcps_polled_printf_example_1.elf  |tee "helloworld_bsp_xadcps_polled_printf_example_1.elf.size"
   text	   data	    bss	    dec	    hex	filename
  30608	   1160	  22600	  54368	   d460	helloworld_bsp_xadcps_polled_printf_example_1.elf
Finished building: helloworld_bsp_xadcps_polled_printf_example_1.elf.size
 
17:45:45 **** Incremental Build of configuration Debug for project helloworld_bsp_xadcps_polled_printf_example_1 ****
make pre-build main-build 
a9-linaro-pre-build-step
 
make: Nothing to be done for 'main-build'.
17:46:00 **** Incremental Build of configuration Debug for project helloworld_bsp_xadcps_polled_printf_example_1 ****
make pre-build main-build 
a9-linaro-pre-build-step
 
make: Nothing to be done for 'main-build'.
17:46:23 **** Incremental Build of configuration Debug for project helloworld_bsp_xadcps_polled_printf_example_1 ****
make pre-build main-build 
a9-linaro-pre-build-step
 
make: Nothing to be done for 'main-build'.
17:46:35 **** Incremental Build of configuration Debug for project helloworld_bsp_xadcps_polled_printf_example_1 ****
make pre-build main-build 
a9-linaro-pre-build-step
 
make: Nothing to be done for 'main-build'.
11:27:02 **** Incremental Build of configuration Debug for project helloworld_bsp_xadcps_polled_printf_example_1 ****
make pre-build main-build 
a9-linaro-pre-build-step
 
make: Nothing to be done for 'main-build'.
11:28:21 **** Auto Build of configuration Debug for project helloworld_bsp_xadcps_polled_printf_example_1 ****
make pre-build main-build 
a9-linaro-pre-build-step
 
Building file: ../src/xadcps_polled_printf_example.c
Invoking: ARM v7 gcc compiler
arm-none-eabi-gcc -Wall -O0 -g3 -c -fmessage-length=0 -MT"src/xadcps_polled_printf_example.o" -mcpu=cortex-a9 -mfpu=vfpv3 -mfloat-abi=hard -I../../helloworld_bsp/ps7_cortexa9_0/include -MMD -MP -MF"src/xadcps_polled_printf_example.d" -MT"src/xadcps_polled_printf_example.o" -o "src/xadcps_polled_printf_example.o" "../src/xadcps_polled_printf_example.c"
../src/xadcps_polled_printf_example.c:34:12: warning: 'XAdcFractionToInt' declared 'static' but never defined [-Wunused-function]
 static int XAdcFractionToInt(float FloatNum);
            ^~~~~~~~~~~~~~~~~
Finished building: ../src/xadcps_polled_printf_example.c
 
Building target: helloworld_bsp_xadcps_polled_printf_example_1.elf
Invoking: ARM v7 gcc linker
arm-none-eabi-gcc -mcpu=cortex-a9 -mfpu=vfpv3 -mfloat-abi=hard -Wl,-build-id=none -specs=Xilinx.spec -Wl,-T -Wl,../src/lscript.ld -L../../helloworld_bsp/ps7_cortexa9_0/lib -o "helloworld_bsp_xadcps_polled_printf_example_1.elf"  ./src/xadcps_polled_printf_example.o   -Wl,--start-group,-lxil,-lgcc,-lc,--end-group
Finished building target: helloworld_bsp_xadcps_polled_printf_example_1.elf
 
Invoking: ARM v7 Print Size
arm-none-eabi-size helloworld_bsp_xadcps_polled_printf_example_1.elf  |tee "helloworld_bsp_xadcps_polled_printf_example_1.elf.size"
   text	   data	    bss	    dec	    hex	filename
  30480	   1160	  22600	  54240	   d3e0	helloworld_bsp_xadcps_polled_printf_example_1.elf
Finished building: helloworld_bsp_xadcps_polled_printf_example_1.elf.size
 
