11:28:21 **** Auto Build of configuration Debug for project helloworld_bsp_xadcps_polled_printf_example_1 ****
make pre-build main-build 
a9-linaro-pre-build-step
 
Building file: ../src/xadcps_polled_printf_example.c
Invoking: ARM v7 gcc compiler
arm-none-eabi-gcc -Wall -O0 -g3 -c -fmessage-length=0 -MT"src/xadcps_polled_printf_example.o" -mcpu=cortex-a9 -mfpu=vfpv3 -mfloat-abi=hard -I../../helloworld_bsp/ps7_cortexa9_0/include -MMD -MP -MF"src/xadcps_polled_printf_example.d" -MT"src/xadcps_polled_printf_example.o" -o "src/xadcps_polled_printf_example.o" "../src/xadcps_polled_printf_example.c"
../src/xadcps_polled_printf_example.c:34:12: warning: 'XAdcFractionToInt' declared 'static' but never defined [-Wunused-function]
 static int XAdcFractionToInt(float FloatNum);
            ^~~~~~~~~~~~~~~~~
Finished building: ../src/xadcps_polled_printf_example.c
 
Building target: helloworld_bsp_xadcps_polled_printf_example_1.elf
Invoking: ARM v7 gcc linker
arm-none-eabi-gcc -mcpu=cortex-a9 -mfpu=vfpv3 -mfloat-abi=hard -Wl,-build-id=none -specs=Xilinx.spec -Wl,-T -Wl,../src/lscript.ld -L../../helloworld_bsp/ps7_cortexa9_0/lib -o "helloworld_bsp_xadcps_polled_printf_example_1.elf"  ./src/xadcps_polled_printf_example.o   -Wl,--start-group,-lxil,-lgcc,-lc,--end-group
Finished building target: helloworld_bsp_xadcps_polled_printf_example_1.elf
 
Invoking: ARM v7 Print Size
arm-none-eabi-size helloworld_bsp_xadcps_polled_printf_example_1.elf  |tee "helloworld_bsp_xadcps_polled_printf_example_1.elf.size"
   text	   data	    bss	    dec	    hex	filename
  30480	   1160	  22600	  54240	   d3e0	helloworld_bsp_xadcps_polled_printf_example_1.elf
Finished building: helloworld_bsp_xadcps_polled_printf_example_1.elf.size
 

11:28:22 Build Finished (took 409ms)

